Archive member included to satisfy reference by file (symbol)

C:/devkitPro/libnx/lib\libnx.a(fs_dev.o)
                              main.o (fsdevMountSdmc)
C:/devkitPro/libnx/lib\libnx.a(socket.o)
                              main.o (socketGetDefaultInitConfig)
C:/devkitPro/libnx/lib\libnx.a(fs.o)
                              main.o (fsInitialize)
C:/devkitPro/libnx/lib\libnx.a(pm.o)
                              main.o (pmdmntInitialize)
C:/devkitPro/libnx/lib\libnx.a(bsd.o)
                              C:/devkitPro/libnx/lib\libnx.a(socket.o) (g_bsdResult)
C:/devkitPro/libnx/lib\libnx.a(fatal.o)
                              main.o (fatalSimple)
C:/devkitPro/libnx/lib\libnx.a(ldr.o)
                              main.o (ldrDmntInitialize)
C:/devkitPro/libnx/lib\libnx.a(sm.o)
                              C:/devkitPro/libnx/lib\libnx.a(fatal.o) (smHasInitialized)
C:/devkitPro/libnx/lib\libnx.a(sfdnsres.o)
                              C:/devkitPro/libnx/lib\libnx.a(socket.o) (sfdnsresGetHostByName)
C:/devkitPro/libnx/lib\libnx.a(applet.o)
                              main.o (appletMainLoop)
C:/devkitPro/libnx/lib\libnx.a(decode_utf8.o)
                              C:/devkitPro/libnx/lib\libnx.a(fs_dev.o) (decode_utf8)
C:/devkitPro/libnx/lib\libnx.a(switch_crt0.o)
                              (_start)
C:/devkitPro/libnx/lib\libnx.a(readtp.o)
                              C:/devkitPro/libnx/lib\libnx.a(fs_dev.o) (__aarch64_read_tp)
C:/devkitPro/libnx/lib\libnx.a(svc.o)
                              main.o (svcSleepThread)
C:/devkitPro/libnx/lib\libnx.a(argv.o)
                              C:/devkitPro/libnx/lib\libnx.a(fs_dev.o) (__system_argc)
C:/devkitPro/libnx/lib\libnx.a(env.o)
                              C:/devkitPro/libnx/lib\libnx.a(argv.o) (envIsNso)
C:/devkitPro/libnx/lib\libnx.a(nxlink.o)
                              C:/devkitPro/libnx/lib\libnx.a(argv.o) (nxlinkSetup)
C:/devkitPro/libnx/lib\libnx.a(init.o)
                              C:/devkitPro/libnx/lib\libnx.a(switch_crt0.o) (__libnx_init)
C:/devkitPro/libnx/lib\libnx.a(dynamic.o)
                              C:/devkitPro/libnx/lib\libnx.a(switch_crt0.o) (__nx_dynamic)
C:/devkitPro/libnx/lib\libnx.a(virtmem.o)
                              C:/devkitPro/libnx/lib\libnx.a(init.o) (virtmemSetup)
C:/devkitPro/libnx/lib\libnx.a(mutex.o)
                              C:/devkitPro/libnx/lib\libnx.a(virtmem.o) (mutexLock)
C:/devkitPro/libnx/lib\libnx.a(tmem.o)
                              C:/devkitPro/libnx/lib\libnx.a(bsd.o) (tmemCreate)
C:/devkitPro/libnx/lib\libnx.a(detect.o)
                              C:/devkitPro/libnx/lib\libnx.a(applet.o) (kernelAbove200)
C:/devkitPro/libnx/lib\libnx.a(apm.o)
                              C:/devkitPro/libnx/lib\libnx.a(applet.o) (apmExit)
C:/devkitPro/libnx/lib\libnx.a(hid.o)
                              C:/devkitPro/libnx/lib\libnx.a(init.o) (hidExit)
C:/devkitPro/libnx/lib\libnx.a(time.o)
                              C:/devkitPro/libnx/lib\libnx.a(init.o) (timeExit)
C:/devkitPro/libnx/lib\libnx.a(newlib.o)
                              C:/devkitPro/libnx/lib\libnx.a(init.o) (newlibSetup)
C:/devkitPro/libnx/lib\libnx.a(rwlock.o)
                              C:/devkitPro/libnx/lib\libnx.a(hid.o) (rwlockReadLock)
C:/devkitPro/libnx/lib\libnx.a(shmem.o)
                              C:/devkitPro/libnx/lib\libnx.a(hid.o) (shmemLoadRemote)
c:/devkitpro/devkita64/bin/../lib/gcc/aarch64-none-elf/7.3.0/../../../../aarch64-none-elf/lib/pic\libstdc++.a(del_op.o)
                              debug.o (operator delete(void*))
c:/devkitpro/devkita64/bin/../lib/gcc/aarch64-none-elf/7.3.0/../../../../aarch64-none-elf/lib/pic\libstdc++.a(new_op.o)
                              debug.o (operator new(unsigned long))
c:/devkitpro/devkita64/bin/../lib/gcc/aarch64-none-elf/7.3.0/../../../../aarch64-none-elf/lib/pic\libstdc++.a(eh_alloc.o)
                              c:/devkitpro/devkita64/bin/../lib/gcc/aarch64-none-elf/7.3.0/../../../../aarch64-none-elf/lib/pic\libstdc++.a(new_op.o) (__cxa_allocate_exception)
c:/devkitpro/devkita64/bin/../lib/gcc/aarch64-none-elf/7.3.0/../../../../aarch64-none-elf/lib/pic\libstdc++.a(list.o)
                              debug.o (std::__detail::_List_node_base::_M_hook(std::__detail::_List_node_base*))
c:/devkitpro/devkita64/bin/../lib/gcc/aarch64-none-elf/7.3.0/../../../../aarch64-none-elf/lib/pic\libstdc++.a(functional.o)
                              debug.o (std::__throw_bad_function_call())
c:/devkitpro/devkita64/bin/../lib/gcc/aarch64-none-elf/7.3.0/../../../../aarch64-none-elf/lib/pic\libstdc++.a(new_handler.o)
                              c:/devkitpro/devkita64/bin/../lib/gcc/aarch64-none-elf/7.3.0/../../../../aarch64-none-elf/lib/pic\libstdc++.a(new_op.o) (std::get_new_handler())
c:/devkitpro/devkita64/bin/../lib/gcc/aarch64-none-elf/7.3.0/../../../../aarch64-none-elf/lib/pic\libstdc++.a(eh_terminate.o)
[...]
Memory Configuration

Name             Origin             Length             Attributes
*default*        0x0000000000000000 0xffffffffffffffff

Linker script and memory map

                0x0000000000000000                PROVIDE (__start__ = 0x0)
                0x0000000000000000                . = __start__

.crt0           0x0000000000000000      0x118
 *(.crt0)
 .crt0          0x0000000000000000      0x114 C:/devkitPro/libnx/lib\libnx.a(switch_crt0.o)
                0x0000000000000000                _start
                0x0000000000000104                __nx_exit
                0x0000000000000118                . = ALIGN (0x8)
 *fill*         0x0000000000000114        0x4 

.init           0x0000000000000118       0x38
 *(.init)
 .init          0x0000000000000118       0x18 c:/devkitpro/devkita64/bin/../lib/gcc/aarch64-none-elf/7.3.0/pic/crti.o
                0x0000000000000118                _init
 .init          0x0000000000000130       0x1c c:/devkitpro/devkita64/bin/../lib/gcc/aarch64-none-elf/7.3.0/pic/crtn.o
                0x0000000000000150                . = ALIGN (0x8)
 *fill*         0x000000000000014c        0x4 

.plt            0x0000000000000150        0x0
 *(.plt)
 .plt           0x0000000000000150        0x0 c:/devkitpro/devkita64/bin/../lib/gcc/aarch64-none-elf/7.3.0/pic/crti.o
 *(.iplt)
                0x0000000000000150                . = ALIGN (0x8)

.text           0x0000000000000180    0x1cb20
 *(.text.unlikely .text.*_unlikely .text.unlikely.*)
 *(.text.exit .text.exit.*)
 *(.text.startup .text.startup.*)
 .text.startup.main
                0x0000000000000180      0x13c main.o
                0x0000000000000180                main
 *fill*         0x00000000000002bc        0x4 
 .text.startup._GLOBAL__sub_I___nx_applet_type
                0x00000000000002c0       0x3c main.o
 *fill*         0x00000000000002fc        0x4 
 .text.startup._GLOBAL__sub_I_eh_alloc.cc
                0x0000000000000300       0x4c c:/devkitpro/devkita64/bin/../lib/gcc/aarch64-none-elf/7.3.0/../../../../aarch64-none-elf/lib/pic\libstdc++.a(eh_alloc.o)
 *(.text.hot .text.hot.*)
 *(.text .stub .text.* .gnu.linkonce.t.*)
 *fill*         0x000000000000034c        0x4 
 .text.deregister_tm_clones
                0x0000000000000350       0x2c c:/devkitpro/devkita64/bin/../lib/gcc/aarch64-none-elf/7.3.0/pic/crtbegin.o
 *fill*         0x000000000000037c        0x4 
 .text.register_tm_clones
                0x0000000000000380       0x3c c:/devkitpro/devkita64/bin/../lib/gcc/aarch64-none-elf/7.3.0/pic/crtbegin.o
 *fill*         0x00000000000003bc        0x4 
 .text.__do_global_dtors_aux
                0x00000000000003c0       0x48 c:/devkitpro/devkita64/bin/../lib/gcc/aarch64-none-elf/7.3.0/pic/crtbegin.o
 .text.frame_dummy
                0x0000000000000408       0x34 c:/devkitpro/devkita64/bin/../lib/gcc/aarch64-none-elf/7.3.0/pic/crtbegin.o
 *fill*         0x000000000000043c        0x4 
 .text._ZN5Gecko8Debugger16addEventCallbackESt8functionIFjRNS_10DebugEventEEE
                0x0000000000000440       0x80 debug.o
                0x0000000000000440                Gecko::Debugger::addEventCallback(std::function<unsigned int (Gecko::DebugEvent&)>)
 .text._ZN5Gecko8Debugger9fireEventERNS_10DebugEventE
                0x00000000000004c0       0x74 debug.o
                0x00000000000004c0                Gecko::Debugger::fireEvent(Gecko::DebugEvent&)
 *fill*         0x0000000000000534        0xc 
 .text._ZN5Gecko8Debugger11flushEventsEv.part.6
                0x0000000000000540       0x40 debug.o
 .text._ZN5Gecko8Debugger11flushEventsEv
                0x0000000000000580       0x18 debug.o
                0x0000000000000580                Gecko::Debugger::flushEvents()
 *fill*         0x0000000000000598        0x8 
 .text._ZN5Gecko8Debugger11attachedPidEv
                0x00000000000005a0        0x8 debug.o
                0x00000000000005a0                Gecko::Debugger::attachedPid()
 *fill*         0x00000000000005a8        0x8 
 .text._ZN5Gecko8Debugger6attachEm
                0x00000000000005b0       0x40 debug.o
                0x00000000000005b0                Gecko::Debugger::attach(unsigned long)
 .text._ZN5Gecko8Debugger8attachedEv
                0x00000000000005f0       0x14 debug.o
                0x00000000000005f0                Gecko::Debugger::attached()
 *fill*         0x0000000000000604        0xc 
 .text._ZN5Gecko8Debugger7detatchEv
                0x0000000000000610       0x40 debug.o
                0x0000000000000610                Gecko::Debugger::detatch()
 .text._ZN5Gecko8Debugger6resumeEv
                0x0000000000000650       0x40 debug.o
                0x0000000000000650                Gecko::Debugger::resume()
 .text._ZN5Gecko8Debugger5pauseEv
                0x0000000000000690       0x18 debug.o
                0x0000000000000690                Gecko::Debugger::pause()
 *fill*         0x00000000000006a8        0x8 
 .text._ZN5Gecko8Debugger5queryEP10MemoryInfom
                0x00000000000006b0       0x38 debug.o
                0x00000000000006b0                Gecko::Debugger::query(MemoryInfo*, unsigned long)
 *fill*         0x00000000000006e8        0x8 
 .text._ZN5Gecko8Debugger8listPidsEPmPjj
                0x00000000000006f0        0xc debug.o
                0x00000000000006f0                Gecko::Debugger::listPids(unsigned long*, unsigned int*, unsigned int)
 *fill*         0x00000000000006fc        0x4 
 .text._ZN5Gecko8Debugger7readMemEPvmm
                0x0000000000000700       0x20 debug.o
                0x0000000000000700                Gecko::Debugger::readMem(void*, unsigned long, unsigned long)
 .text._ZN5Gecko8Debugger8writeMemEPvmm
                0x0000000000000720       0x18 debug.o
                0x0000000000000720                Gecko::Debugger::writeMem(void*, unsigned long, unsigned long)
 *fill*         0x0000000000000738        0x8 
 .text._ZN5Gecko8Debugger13setBreakpointEjmm
                0x0000000000000740       0x1c debug.o
                0x0000000000000740                Gecko::Debugger::setBreakpoint(unsigned int, unsigned long, unsigned long)
 *fill*         0x000000000000075c        0x4 
 .text._ZN5Gecko8DebuggerD2Ev
                0x0000000000000760       0x8c debug.o
                0x0000000000000760                Gecko::Debugger::~Debugger()
                0x0000000000000760                Gecko::Debugger::~Debugger()
 *fill*         0x00000000000007ec        0x4 
 .text._ZL11_disconnectRN5Gecko7ContextE
                0x00000000000007f0        0xc commands.o
 *fill*         0x00000000000007fc        0x4 
 .text._ZL7_statusRN5Gecko7ContextE
                0x0000000000000800       0x98 commands.o
 *fill*         0x0000000000000898        0x8 
 .text._ZL15_set_breakpointRN5Gecko7ContextE
                0x00000000000008a0       0x78 commands.o
 *fill*         0x0000000000000918        0x8 
 .text._ZL14_readmem_multiRN5Gecko7ContextE
                0x0000000000000920      0x194 commands.o
 *fill*         0x0000000000000ab4        0xc 
 .text._ZL12_get_titleidRN5Gecko7ContextE
                0x0000000000000ac0       0x94 commands.o
 *fill*         0x0000000000000b54        0xc 
 .text._ZL10_list_pidsRN5Gecko7ContextE
                0x0000000000000b60       0x90 commands.o
 .text._ZL13_attached_pidRN5Gecko7ContextE
                0x0000000000000bf0       0x44 commands.o
 *fill*         0x0000000000000c34        0xc 
 .text._ZL12_current_pidRN5Gecko7ContextE
                0x0000000000000c40       0x4c commands.o
 *fill*         0x0000000000000c8c        0x4 
 .text._ZL15_querymem_multiRN5Gecko7ContextE
                0x0000000000000c90      0x1b8 commands.o
 *fill*         0x0000000000000e48        0x8 
 .text._ZL16_querymem_singleRN5Gecko7ContextE
                0x0000000000000e50       0xc4 commands.o
 *fill*         0x0000000000000f14        0xc 
 .text._ZL8_detatchRN5Gecko7ContextE
                0x0000000000000f20       0x30 commands.o
 .text._ZL7_attachRN5Gecko7ContextE
                0x0000000000000f50       0x58 commands.o
 *fill*         0x0000000000000fa8        0x8 
 .text._ZL6_pauseRN5Gecko7ContextE
                0x0000000000000fb0       0x30 commands.o
 .text._ZL7_resumeRN5Gecko7ContextE
                0x0000000000000fe0       0x30 commands.o
 .text._ZL6_poke8RN5Gecko7ContextE
                0x0000000000001010       0x70 commands.o
 .text._ZL7_poke16RN5Gecko7ContextE
                0x0000000000001080       0x70 commands.o
 .text._ZL9_writememRN5Gecko7ContextE
                0x00000000000010f0      0x124 commands.o
 *fill*         0x0000000000001214        0xc 
 .text._ZL7_poke32RN5Gecko7ContextE
                0x0000000000001220       0x70 commands.o
 .text._ZL7_poke64RN5Gecko7ContextE
                0x0000000000001290       0x68 commands.o
 *fill*         0x00000000000012f8        0x8 
 .text._Z15writeCompressedRN5Gecko7ContextEj
                0x0000000000001300      0x184 commands.o
                0x0000000000001300                writeCompressed(Gecko::Context&, unsigned int)
 *fill*         0x0000000000001484        0xc 
 .text._ZL8_readmemRN5Gecko7ContextE
                0x0000000000001490      0x188 commands.o
 *fill*         0x0000000000001618        0x8 
 .text._Z10cmd_decodeRN5Gecko7ContextEi
                0x0000000000001620       0x60 commands.o
                0x0000000000001620                cmd_decode(Gecko::Context&, int)
 .text._ZN5Gecko7Context5resetEv
                0x0000000000001680       0x2c context.o
                0x0000000000001680                Gecko::Context::reset()
 *fill*         0x00000000000016ac        0x4 
 .text._ZNSt17_Function_handlerIFjRN5Gecko10DebugEventEEPFjS1_EE9_M_invokeERKSt9_Any_dataS2_
                0x00000000000016b0       0x3c main.o
                0x00000000000016b0                std::_Function_handler<unsigned int (Gecko::DebugEvent&), unsigned int (*)(Gecko::DebugEvent)>::_M_invoke(std::_Any_data const&, Gecko::DebugEvent&)
 *fill*         0x00000000000016ec        0x4 
 .text._ZNSt14_Function_base13_Base_managerIPFjN5Gecko10DebugEventEEE10_M_managerERSt9_Any_dataRKS6_St18_Manager_operation
                0x00000000000016f0       0x20 main.o
                0x00000000000016f0                std::_Function_base::_Base_manager<unsigned int (*)(Gecko::DebugEvent)>::_M_manager(std::_Any_data&, std::_Any_data const&, std::_Manager_operation)
 .text._ZN5Gecko7ContextD2Ev
                0x0000000000001710       0x28 main.o
                0x0000000000001710                Gecko::Context::~Context()
                0x0000000000001710                Gecko::Context::~Context()
 *fill*         0x0000000000001738        0x8 
 .text.__libnx_initheap
                0x0000000000001740       0x30 main.o
                0x0000000000001740                __libnx_initheap
 .text.__appInit
                0x0000000000001770       0x74 main.o
                0x0000000000001770                __appInit
 *fill*         0x00000000000017e4        0xc 
 .text.__appExit
                0x00000000000017f0       0x28 main.o
                0x00000000000017f0                __appExit
 *fill*         0x0000000000001818        0x8 
 .text._Z9logStringPKci
                0x0000000000001820       0x44 main.o
                0x0000000000001820                logString(char const*, int)
 *fill*         0x0000000000001864        0xc 
 .text._ZL14_eventCallbackN5Gecko10DebugEventE
                0x0000000000001870      0x170 main.o
 .text._ZN5Gecko10Connection7connectEi
                0x00000000000019e0      0x120 net.o
                0x00000000000019e0                Gecko::Connection::connect(int)
 .text._ZN5Gecko10Connection10disconnectEv
                0x0000000000001b00       0x44 net.o
                0x0000000000001b00                Gecko::Connection::disconnect()
 *fill*         0x0000000000001b44        0xc 
 .text._ZN5Gecko10Connection4readEPvi
                0x0000000000001b50       0x8c net.o
                0x0000000000001b50                Gecko::Connection::read(void*, int)
 *fill*         0x0000000000001bdc        0x4 
 .text._ZN5Gecko10Connection4readEv
                0x0000000000001be0       0x40 net.o
                0x0000000000001be0                Gecko::Connection::read()
 .text._ZN5Gecko10Connection5writeEPKvi
                0x0000000000001c20       0x8c net.o
                0x0000000000001c20                Gecko::Connection::write(void const*, int)
 *fill*         0x0000000000001cac        0x4 
 .text._ZN5Gecko10ConnectionD2Ev
                0x0000000000001cb0       0x1c net.o
                0x0000000000001cb0                Gecko::Connection::~Connection()
                0x0000000000001cb0                Gecko::Connection::~Connection()
 .text.svcSetHardwareBreakpoint
                0x0000000000001ccc        0x8 debug_svc.o
                0x0000000000001ccc                svcSetHardwareBreakpoint
 *fill*         0x0000000000001cd4        0xc 
 .text.fsdev_link
                0x0000000000001ce0       0x10 C:/devkitPro/libnx/lib\libnx.a(fs_dev.o)
 .text.fsdev_dirreset
                0x0000000000001cf0       0x10 C:/devkitPro/libnx/lib\libnx.a(fs_dev.o)
 .text.fsdev_chmod
                0x0000000000001d00       0x10 C:/devkitPro/libnx/lib\libnx.a(fs_dev.o)
 .text.error_cmp
                0x0000000000001d10       0x20 C:/devkitPro/libnx/lib\libnx.a(fs_dev.o)
 .text.fsdev_translate_error
                0x0000000000001d30       0x60 C:/devkitPro/libnx/lib\libnx.a(fs_dev.o)
 .text.fsdev_fsync
                0x0000000000001d90       0x40 C:/devkitPro/libnx/lib\libnx.a(fs_dev.o)
 .text.fsdev_ftruncate
                0x0000000000001dd0       0x64 C:/devkitPro/libnx/lib\libnx.a(fs_dev.o)
 *fill*         0x0000000000001e34        0xc 
 .text.fsdev_dirclose
                0x0000000000001e40       0x20 C:/devkitPro/libnx/lib\libnx.a(fs_dev.o)
 .text.fsdev_dirnext
                0x0000000000001e60      0x1a8 C:/devkitPro/libnx/lib\libnx.a(fs_dev.o)
 *fill*         0x0000000000002008        0x8 
 .text.fsdev_close
                0x0000000000002010       0x1c C:/devkitPro/libnx/lib\libnx.a(fs_dev.o)
 *fill*         0x000000000000202c        0x4 
 .text.fsdev_fstat
                0x0000000000002030       0x80 C:/devkitPro/libnx/lib\libnx.a(fs_dev.o)
 .text.fsdev_seek
                0x00000000000020b0       0xb8 C:/devkitPro/libnx/lib\libnx.a(fs_dev.o)
 *fill*         0x0000000000002168        0x8 
 .text.fsdev_read
                0x0000000000002170      0x1b4 C:/devkitPro/libnx/lib\libnx.a(fs_dev.o)
 *fill*         0x0000000000002324        0xc 
 .text.fsdev_write
                0x0000000000002330      0x1d0 C:/devkitPro/libnx/lib\libnx.a(fs_dev.o)
 .text.fsdevFindDevice
                0x0000000000002500      0x12c C:/devkitPro/libnx/lib\libnx.a(fs_dev.o)
 *fill*         0x000000000000262c        0x4 
 .text._fsdevMountDevice
                0x0000000000002630      0x190 C:/devkitPro/libnx/lib\libnx.a(fs_dev.o)
 .text.fsdev_getfspath
                0x00000000000027c0      0x214 C:/devkitPro/libnx/lib\libnx.a(fs_dev.o)
 *fill*         0x00000000000029d4        0xc 
 .text.fsdev_rmdir
                0x00000000000029e0       0x70 C:/devkitPro/libnx/lib\libnx.a(fs_dev.o)
 .text.fsdev_statvfs
                0x0000000000002a50       0xd8 C:/devkitPro/libnx/lib\libnx.a(fs_dev.o)
 *fill*         0x0000000000002b28        0x8 
 .text.fsdev_diropen
                0x0000000000002b30       0xc8 C:/devkitPro/libnx/lib\libnx.a(fs_dev.o)
 *fill*         0x0000000000002bf8        0x8 
 .text.fsdev_mkdir
                0x0000000000002c00       0x70 C:/devkitPro/libnx/lib\libnx.a(fs_dev.o)
 .text.fsdev_rename
                0x0000000000002c70      0x13c C:/devkitPro/libnx/lib\libnx.a(fs_dev.o)
 *fill*         0x0000000000002dac        0x4 
 .text.fsdev_chdir
                0x0000000000002db0       0xcc C:/devkitPro/libnx/lib\libnx.a(fs_dev.o)
 *fill*         0x0000000000002e7c        0x4 
 .text.fsdev_unlink
                0x0000000000002e80       0x70 C:/devkitPro/libnx/lib\libnx.a(fs_dev.o)
 .text.fsdev_stat
                0x0000000000002ef0      0x17c C:/devkitPro/libnx/lib\libnx.a(fs_dev.o)
 *fill*         0x000000000000306c        0x4 
 .text.fsdev_open
                0x0000000000003070      0x1b4 C:/devkitPro/libnx/lib\libnx.a(fs_dev.o)
 *fill*         0x0000000000003224        0xc 
 .text._fsdevUnmountDeviceStruct.part.4
                0x0000000000003230       0xb8 C:/devkitPro/libnx/lib\libnx.a(fs_dev.o)
 *fill*         0x00000000000032e8        0x8 
 .text.fsdev_fchmod
                0x00000000000032f0       0x10 C:/devkitPro/libnx/lib\libnx.a(fs_dev.o)
 .text.fsdevMountSdmc
                0x0000000000003300      0x164 C:/devkitPro/libnx/lib\libnx.a(fs_dev.o)
                0x0000000000003300                fsdevMountSdmc
 *fill*         0x0000000000003464        0xc 
 .text.fsdevUnmountAll
                0x0000000000003470       0x70 C:/devkitPro/libnx/lib\libnx.a(fs_dev.o)
                0x0000000000003470                fsdevUnmountAll
 .text._socketParseBsdResult.part.0
                0x00000000000034e0       0xa0 C:/devkitPro/libnx/lib\libnx.a(socket.o)
 .text._socketRead
                0x0000000000003580       0x58 C:/devkitPro/libnx/lib\libnx.a(socket.o)
 *fill*         0x00000000000035d8        0x8 
 .text._socketWrite
                0x00000000000035e0       0x58 C:/devkitPro/libnx/lib\libnx.a(socket.o)
 *fill*         0x0000000000003638        0x8 
 .text._socketClose
                0x0000000000003640       0x40 C:/devkitPro/libnx/lib\libnx.a(socket.o)
 .text._socketOpen
                0x0000000000003680       0x88 C:/devkitPro/libnx/lib\libnx.a(socket.o)
 *fill*         0x0000000000003708        0x8 
 .text._socketGetFd
                0x0000000000003710       0x80 C:/devkitPro/libnx/lib\libnx.a(socket.o)
 .text.socketGetDefaultInitConfig
                0x0000000000003790        0xc C:/devkitPro/libnx/lib\libnx.a(socket.o)
                0x0000000000003790                socketGetDefaultInitConfig
 *fill*         0x000000000000379c        0x4 
 .text.socketExit
                0x00000000000037a0       0x1c C:/devkitPro/libnx/lib\libnx.a(socket.o)
                0x00000000000037a0                socketExit
 *fill*         0x00000000000037bc        0x4 
 .text.socketInitialize
                0x00000000000037c0      0x124 C:/devkitPro/libnx/lib\libnx.a(socket.o)
                0x00000000000037c0                socketInitialize
 *fill*         0x00000000000038e4        0xc 
 .text.socket   0x00000000000038f0       0xb0 C:/devkitPro/libnx/lib\libnx.a(socket.o)
                0x00000000000038f0                socket
 .text.recv     0x00000000000039a0       0x70 C:/devkitPro/libnx/lib\libnx.a(socket.o)
                0x00000000000039a0                recv
 .text.send     0x0000000000003a10       0x70 C:/devkitPro/libnx/lib\libnx.a(socket.o)
                0x0000000000003a10                send
 .text.accept   0x0000000000003a80       0xc4 C:/devkitPro/libnx/lib\libnx.a(socket.o)
                0x0000000000003a80                accept
 *fill*         0x0000000000003b44        0xc 
 .text.bind     0x0000000000003b50       0x60 C:/devkitPro/libnx/lib\libnx.a(socket.o)
                0x0000000000003b50                bind
 .text.listen   0x0000000000003bb0       0x58 C:/devkitPro/libnx/lib\libnx.a(socket.o)
                0x0000000000003bb0                listen
 *fill*         0x0000000000003c08        0x8 
 .text.setsockopt
                0x0000000000003c10       0x80 C:/devkitPro/libnx/lib\libnx.a(socket.o)
                0x0000000000003c10                setsockopt
 .text.shutdown
                0x0000000000003c90       0x58 C:/devkitPro/libnx/lib\libnx.a(socket.o)
                0x0000000000003c90                shutdown
 *fill*         0x0000000000003ce8        0x8 
 .text.ipcCloseObjectById
                0x0000000000003cf0       0x34 C:/devkitPro/libnx/lib\libnx.a(fs.o)
 *fill*         0x0000000000003d24        0xc 
 .text.fsInitialize
                0x0000000000003d30      0x120 C:/devkitPro/libnx/lib\libnx.a(fs.o)
                0x0000000000003d30                fsInitialize
 .text.fsExit   0x0000000000003e50       0xa0 C:/devkitPro/libnx/lib\libnx.a(fs.o)
                0x0000000000003e50                fsExit
 .text.fsMountSdcard
                0x0000000000003ef0      0x13c C:/devkitPro/libnx/lib\libnx.a(fs.o)
                0x0000000000003ef0                fsMountSdcard
 *fill*         0x000000000000402c        0x4 
 .text.fsFsCreateFile
                0x0000000000004030       0xf0 C:/devkitPro/libnx/lib\libnx.a(fs.o)
                0x0000000000004030                fsFsCreateFile
 .text.fsFsDeleteFile
                0x0000000000004120       0xf0 C:/devkitPro/libnx/lib\libnx.a(fs.o)
                0x0000000000004120                fsFsDeleteFile
 .text.fsFsCreateDirectory
                0x0000000000004210       0xf0 C:/devkitPro/libnx/lib\libnx.a(fs.o)
                0x0000000000004210                fsFsCreateDirectory
 .text.fsFsDeleteDirectory
                0x0000000000004300       0xf0 C:/devkitPro/libnx/lib\libnx.a(fs.o)
                0x0000000000004300                fsFsDeleteDirectory
 .text.fsFsRenameFile
                0x00000000000043f0      0x118 C:/devkitPro/libnx/lib\libnx.a(fs.o)
                0x00000000000043f0                fsFsRenameFile
 *fill*         0x0000000000004508        0x8 
 .text.fsFsRenameDirectory
                0x0000000000004510      0x118 C:/devkitPro/libnx/lib\libnx.a(fs.o)
                0x0000000000004510                fsFsRenameDirectory
 *fill*         0x0000000000004628        0x8 
 .text.fsFsGetEntryType
                0x0000000000004630      0x100 C:/devkitPro/libnx/lib\libnx.a(fs.o)
                0x0000000000004630                fsFsGetEntryType
 .text.fsFsOpenFile
                0x0000000000004730      0x15c C:/devkitPro/libnx/lib\libnx.a(fs.o)
                0x0000000000004730                fsFsOpenFile
 *fill*         0x000000000000488c        0x4 
 .text.fsFsOpenDirectory
                0x0000000000004890      0x15c C:/devkitPro/libnx/lib\libnx.a(fs.o)
                0x0000000000004890                fsFsOpenDirectory
 *fill*         0x00000000000049ec        0x4 
 .text.fsFsGetFreeSpace
                0x00000000000049f0      0x100 C:/devkitPro/libnx/lib\libnx.a(fs.o)
                0x00000000000049f0                fsFsGetFreeSpace
 .text.fsFsGetTotalSpace
                0x0000000000004af0      0x100 C:/devkitPro/libnx/lib\libnx.a(fs.o)
                0x0000000000004af0                fsFsGetTotalSpace
 .text.fsFsClose
                0x0000000000004bf0       0x6c C:/devkitPro/libnx/lib\libnx.a(fs.o)
                0x0000000000004bf0                fsFsClose
 *fill*         0x0000000000004c5c        0x4 
 .text.fsFileRead
                0x0000000000004c60      0x104 C:/devkitPro/libnx/lib\libnx.a(fs.o)
                0x0000000000004c60                fsFileRead
 *fill*         0x0000000000004d64        0xc 
 .text.fsFileWrite
                0x0000000000004d70       0xf4 C:/devkitPro/libnx/lib\libnx.a(fs.o)
                0x0000000000004d70                fsFileWrite
 *fill*         0x0000000000004e64        0xc 
 .text.fsFileFlush
                0x0000000000004e70       0xc4 C:/devkitPro/libnx/lib\libnx.a(fs.o)
                0x0000000000004e70                fsFileFlush
 *fill*         0x0000000000004f34        0xc 
 .text.fsFileSetSize
                0x0000000000004f40       0xc4 C:/devkitPro/libnx/lib\libnx.a(fs.o)
                0x0000000000004f40                fsFileSetSize
 *fill*         0x0000000000005004        0xc 
 .text.fsFileGetSize
                0x0000000000005010       0xec C:/devkitPro/libnx/lib\libnx.a(fs.o)
                0x0000000000005010                fsFileGetSize
 *fill*         0x00000000000050fc        0x4 
 .text.fsFileClose
                0x0000000000005100       0x6c C:/devkitPro/libnx/lib\libnx.a(fs.o)
                0x0000000000005100                fsFileClose
 *fill*         0x000000000000516c        0x4 
 .text.fsDirClose
                0x0000000000005170       0x6c C:/devkitPro/libnx/lib\libnx.a(fs.o)
                0x0000000000005170                fsDirClose
 *fill*         0x00000000000051dc        0x4 
 .text.fsDirRead
                0x00000000000051e0      0x110 C:/devkitPro/libnx/lib\libnx.a(fs.o)
                0x00000000000051e0                fsDirRead
 .text.ipcCloseObjectById
                0x00000000000052f0       0x34 C:/devkitPro/libnx/lib\libnx.a(pm.o)
 *fill*         0x0000000000005324        0xc 
 .text.pmdmntInitialize
                0x0000000000005330       0x3c C:/devkitPro/libnx/lib\libnx.a(pm.o)
                0x0000000000005330                pmdmntInitialize
 *fill*         0x000000000000536c        0x4 
 .text.pmdmntExit
                0x0000000000005370       0xa0 C:/devkitPro/libnx/lib\libnx.a(pm.o)
                0x0000000000005370                pmdmntExit
 .text.pminfoInitialize
                0x0000000000005410       0x3c C:/devkitPro/libnx/lib\libnx.a(pm.o)
                0x0000000000005410                pminfoInitialize
 *fill*         0x000000000000544c        0x4 
 .text.pminfoExit
                0x0000000000005450       0xa0 C:/devkitPro/libnx/lib\libnx.a(pm.o)
                0x0000000000005450                pminfoExit
 .text.pmdmntGetApplicationPid
                0x00000000000054f0       0xe8 C:/devkitPro/libnx/lib\libnx.a(pm.o)
                0x00000000000054f0                pmdmntGetApplicationPid
 *fill*         0x00000000000055d8        0x8 
 .text.pminfoGetTitleId
                0x00000000000055e0       0xe8 C:/devkitPro/libnx/lib\libnx.a(pm.o)
                0x00000000000055e0                pminfoGetTitleId
 *fill*         0x00000000000056c8        0x8 
 .text._bsdRegisterClient.isra.5.constprop.11
                0x00000000000056d0      0x120 C:/devkitPro/libnx/lib\libnx.a(bsd.o)
 .text.ipcCloseObjectById
                0x00000000000057f0       0x34 C:/devkitPro/libnx/lib\libnx.a(bsd.o)
 *fill*         0x0000000000005824        0xc 
 .text._bsdDispatchBasicCommand.isra.6
                0x0000000000005830      0x310 C:/devkitPro/libnx/lib\libnx.a(bsd.o)
 .text._bsdSocketCreationCommand
                0x0000000000005b40       0x44 C:/devkitPro/libnx/lib\libnx.a(bsd.o)
 *fill*         0x0000000000005b84        0xc 
 .text._bsdDispatchCommandWithOutAddrlen.isra.7
                0x0000000000005b90       0x44 C:/devkitPro/libnx/lib\libnx.a(bsd.o)
 *fill*         0x0000000000005bd4        0xc 
 .text._bsdNameGetterCommand
                0x0000000000005be0       0xcc C:/devkitPro/libnx/lib\libnx.a(bsd.o)
 *fill*         0x0000000000005cac        0x4 
 .text.ipcQueryPointerBufferSize.constprop.10
                0x0000000000005cb0       0xc4 C:/devkitPro/libnx/lib\libnx.a(bsd.o)
 *fill*         0x0000000000005d74        0xc 
 .text._bsdStartMonitor.constprop.9
                0x0000000000005d80       0xf4 C:/devkitPro/libnx/lib\libnx.a(bsd.o)
 *fill*         0x0000000000005e74        0xc 
 .text.bsdExit  0x0000000000005e80       0xf0 C:/devkitPro/libnx/lib\libnx.a(bsd.o)
                0x0000000000005e80                bsdExit
 .text.bsdInitialize
                0x0000000000005f70      0x16c C:/devkitPro/libnx/lib\libnx.a(bsd.o)
                0x0000000000005f70                bsdInitialize
 *fill*         0x00000000000060dc        0x4 
 .text.bsdSocket
                0x00000000000060e0       0x14 C:/devkitPro/libnx/lib\libnx.a(bsd.o)
                0x00000000000060e0                bsdSocket
 *fill*         0x00000000000060f4        0xc 
 .text.bsdOpen  0x0000000000006100       0xc8 C:/devkitPro/libnx/lib\libnx.a(bsd.o)
                0x0000000000006100                bsdOpen
 *fill*         0x00000000000061c8        0x8 
 .text.bsdRecv  0x00000000000061d0       0xcc C:/devkitPro/libnx/lib\libnx.a(bsd.o)
                0x00000000000061d0                bsdRecv
 *fill*         0x000000000000629c        0x4 
 .text.bsdSend  0x00000000000062a0       0xc0 C:/devkitPro/libnx/lib\libnx.a(bsd.o)
                0x00000000000062a0                bsdSend
 .text.bsdAccept
                0x0000000000006360       0x14 C:/devkitPro/libnx/lib\libnx.a(bsd.o)
                0x0000000000006360                bsdAccept
 *fill*         0x0000000000006374        0xc 
 .text.bsdBind  0x0000000000006380       0xa8 C:/devkitPro/libnx/lib\libnx.a(bsd.o)
                0x0000000000006380                bsdBind
 *fill*         0x0000000000006428        0x8 
 .text.bsdListen
                0x0000000000006430       0x40 C:/devkitPro/libnx/lib\libnx.a(bsd.o)
                0x0000000000006430                bsdListen
 .text.bsdSetSockOpt
                0x0000000000006470       0xb0 C:/devkitPro/libnx/lib\libnx.a(bsd.o)
                0x0000000000006470                bsdSetSockOpt
 .text.bsdShutdown
                0x0000000000006520       0x40 C:/devkitPro/libnx/lib\libnx.a(bsd.o)
                0x0000000000006520                bsdShutdown
 .text.bsdWrite
                0x0000000000006560       0xc0 C:/devkitPro/libnx/lib\libnx.a(bsd.o)
                0x0000000000006560                bsdWrite
 .text.bsdRead  0x0000000000006620       0xcc C:/devkitPro/libnx/lib\libnx.a(bsd.o)
                0x0000000000006620                bsdRead
 *fill*         0x00000000000066ec        0x4 
 .text.bsdClose
                0x00000000000066f0       0x40 C:/devkitPro/libnx/lib\libnx.a(bsd.o)
                0x00000000000066f0                bsdClose
 .text.fatalSimple
                0x0000000000006730       0xbc C:/devkitPro/libnx/lib\libnx.a(fatal.o)
                0x0000000000006730                fatalSimple
 *fill*         0x00000000000067ec        0x4 
 .text._ldrSrvInitialize
                0x00000000000067f0       0x30 C:/devkitPro/libnx/lib\libnx.a(ldr.o)
 .text.ipcCloseObjectById
                0x0000000000006820       0x34 C:/devkitPro/libnx/lib\libnx.a(ldr.o)
 *fill*         0x0000000000006854        0xc 
 .text._ldrSrvExit
                0x0000000000006860       0x84 C:/devkitPro/libnx/lib\libnx.a(ldr.o)
 *fill*         0x00000000000068e4        0xc 
 .text.ldrDmntInitialize
                0x00000000000068f0       0x1c C:/devkitPro/libnx/lib\libnx.a(ldr.o)
                0x00000000000068f0                ldrDmntInitialize
 *fill*         0x000000000000690c        0x4 
 .text.ldrDmntExit
                0x0000000000006910       0x14 C:/devkitPro/libnx/lib\libnx.a(ldr.o)
                0x0000000000006910                ldrDmntExit
 *fill*         0x0000000000006924        0xc 
 .text.smAddOverrideHandle
                0x0000000000006930       0x44 C:/devkitPro/libnx/lib\libnx.a(sm.o)
                0x0000000000006930                smAddOverrideHandle
 *fill*         0x0000000000006974        0xc 
 .text.smGetServiceOverride
                0x0000000000006980       0x64 C:/devkitPro/libnx/lib\libnx.a(sm.o)
                0x0000000000006980                smGetServiceOverride
 *fill*         0x00000000000069e4        0xc 
 .text.smHasInitialized
                0x00000000000069f0       0x14 C:/devkitPro/libnx/lib\libnx.a(sm.o)
                0x00000000000069f0                smHasInitialized
 *fill*         0x0000000000006a04        0xc 
 .text.smExit   0x0000000000006a10       0x48 C:/devkitPro/libnx/lib\libnx.a(sm.o)
                0x0000000000006a10                smExit
 *fill*         0x0000000000006a58        0x8 
 .text.smEncodeName
                0x0000000000006a60       0x34 C:/devkitPro/libnx/lib\libnx.a(sm.o)
                0x0000000000006a60                smEncodeName
 *fill*         0x0000000000006a94        0xc 
 .text.smGetServiceOriginal
                0x0000000000006aa0      0x12c C:/devkitPro/libnx/lib\libnx.a(sm.o)
                0x0000000000006aa0                smGetServiceOriginal
 *fill*         0x0000000000006bcc        0x4 
 .text.smInitialize
                0x0000000000006bd0      0x160 C:/devkitPro/libnx/lib\libnx.a(sm.o)
                0x0000000000006bd0                smInitialize
 .text.smGetService
                0x0000000000006d30       0x74 C:/devkitPro/libnx/lib\libnx.a(sm.o)
                0x0000000000006d30                smGetService
 *fill*         0x0000000000006da4        0xc 
 .text._appletGetOperationMode.constprop.13
                0x0000000000006db0       0xe0 C:/devkitPro/libnx/lib\libnx.a(applet.o)
 .text._appletGetPerformanceMode.constprop.14
                0x0000000000006e90       0xe0 C:/devkitPro/libnx/lib\libnx.a(applet.o)
 .text._appletReceiveMessage
                0x0000000000006f70       0xe8 C:/devkitPro/libnx/lib\libnx.a(applet.o)
 *fill*         0x0000000000007058        0x8 
 .text._appletGetCurrentFocusState.constprop.15
                0x0000000000007060       0xe0 C:/devkitPro/libnx/lib\libnx.a(applet.o)
 .text.appletMainLoop
                0x0000000000007140      0x15c C:/devkitPro/libnx/lib\libnx.a(applet.o)
                0x0000000000007140                appletMainLoop
 *fill*         0x000000000000729c        0x4 
 .text.decode_utf8
                0x00000000000072a0      0x130 C:/devkitPro/libnx/lib\libnx.a(decode_utf8.o)
                0x00000000000072a0                decode_utf8
 .text.__aarch64_read_tp
                0x00000000000073d0        0xc C:/devkitPro/libnx/lib\libnx.a(readtp.o)
                0x00000000000073d0                __aarch64_read_tp
 .text.svcUnmapMemory
                0x00000000000073dc        0x8 C:/devkitPro/libnx/lib\libnx.a(svc.o)
                0x00000000000073dc                svcUnmapMemory
 .text.svcQueryMemory
                0x00000000000073e4       0x14 C:/devkitPro/libnx/lib\libnx.a(svc.o)
                0x00000000000073e4                svcQueryMemory
 .text.svcExitProcess
                0x00000000000073f8        0x8 C:/devkitPro/libnx/lib\libnx.a(svc.o)
                0x00000000000073f8                svcExitProcess
 .text.svcSleepThread
                0x0000000000007400        0x8 C:/devkitPro/libnx/lib\libnx.a(svc.o)
                0x0000000000007400                svcSleepThread
 .text.svcCreateTransferMemory
                0x0000000000007408       0x14 C:/devkitPro/libnx/lib\libnx.a(svc.o)
                0x0000000000007408                svcCreateTransferMemory
 .text.svcCloseHandle
                0x000000000000741c        0x8 C:/devkitPro/libnx/lib\libnx.a(svc.o)
                0x000000000000741c                svcCloseHandle
 .text.svcWaitSynchronization
                0x0000000000007424       0x14 C:/devkitPro/libnx/lib\libnx.a(svc.o)
                0x0000000000007424                svcWaitSynchronization
 .text.svcArbitrateLock
                0x0000000000007438        0x8 C:/devkitPro/libnx/lib\libnx.a(svc.o)
                0x0000000000007438                svcArbitrateLock
 .text.svcArbitrateUnlock
                0x0000000000007440        0x8 C:/devkitPro/libnx/lib\libnx.a(svc.o)
                0x0000000000007440                svcArbitrateUnlock
 .text.svcConnectToNamedPort
                0x0000000000007448       0x14 C:/devkitPro/libnx/lib\libnx.a(svc.o)
                0x0000000000007448                svcConnectToNamedPort
 .text.svcSendSyncRequest
                0x000000000000745c        0x8 C:/devkitPro/libnx/lib\libnx.a(svc.o)
                0x000000000000745c                svcSendSyncRequest
 .text.svcBreak
                0x0000000000007464        0x8 C:/devkitPro/libnx/lib\libnx.a(svc.o)
                0x0000000000007464                svcBreak
 .text.svcGetInfo
                0x000000000000746c       0x14 C:/devkitPro/libnx/lib\libnx.a(svc.o)
                0x000000000000746c                svcGetInfo
 .text.svcUnmapTransferMemory
                0x0000000000007480        0x8 C:/devkitPro/libnx/lib\libnx.a(svc.o)
                0x0000000000007480                svcUnmapTransferMemory
 .text.svcDebugActiveProcess
                0x0000000000007488       0x14 C:/devkitPro/libnx/lib\libnx.a(svc.o)
                0x0000000000007488                svcDebugActiveProcess
 .text.svcBreakDebugProcess
                0x000000000000749c        0x8 C:/devkitPro/libnx/lib\libnx.a(svc.o)
                0x000000000000749c                svcBreakDebugProcess
 .text.svcGetDebugEvent
                0x00000000000074a4        0x8 C:/devkitPro/libnx/lib\libnx.a(svc.o)
                0x00000000000074a4                svcGetDebugEvent
 .text.svcContinueDebugEvent
                0x00000000000074ac        0x8 C:/devkitPro/libnx/lib\libnx.a(svc.o)
                0x00000000000074ac                svcContinueDebugEvent
 .text.svcGetProcessList
                0x00000000000074b4       0x14 C:/devkitPro/libnx/lib\libnx.a(svc.o)
                0x00000000000074b4                svcGetProcessList
 .text.svcQueryDebugProcessMemory
                0x00000000000074c8       0x14 C:/devkitPro/libnx/lib\libnx.a(svc.o)
                0x00000000000074c8                svcQueryDebugProcessMemory
 .text.svcReadDebugProcessMemory
                0x00000000000074dc        0x8 C:/devkitPro/libnx/lib\libnx.a(svc.o)
                0x00000000000074dc                svcReadDebugProcessMemory
 .text.svcWriteDebugProcessMemory
                0x00000000000074e4        0x8 C:/devkitPro/libnx/lib\libnx.a(svc.o)
                0x00000000000074e4                svcWriteDebugProcessMemory
 *fill*         0x00000000000074ec        0x4 
 .text.argvSetup
                0x00000000000074f0      0x380 C:/devkitPro/libnx/lib\libnx.a(argv.o)
                0x00000000000074f0                argvSetup
 .text.envSetup
                0x0000000000007870      0x1bc C:/devkitPro/libnx/lib\libnx.a(env.o)
                0x0000000000007870                envSetup
 *fill*         0x0000000000007a2c        0x4 
 .text.envGetMainThreadHandle
                0x0000000000007a30       0x20 C:/devkitPro/libnx/lib\libnx.a(env.o)
                0x0000000000007a30                envGetMainThreadHandle
 .text.envIsNso
                0x0000000000007a50        0xc C:/devkitPro/libnx/lib\libnx.a(env.o)
                0x0000000000007a50                envIsNso
 *fill*         0x0000000000007a5c        0x4 
 .text.envHasArgv
                0x0000000000007a60       0x14 C:/devkitPro/libnx/lib\libnx.a(env.o)
                0x0000000000007a60                envHasArgv
 *fill*         0x0000000000007a74        0xc 
 .text.envGetArgv
                0x0000000000007a80        0xc C:/devkitPro/libnx/lib\libnx.a(env.o)
                0x0000000000007a80                envGetArgv
 *fill*         0x0000000000007a8c        0x4 
 .text.envGetExitFuncPtr
                0x0000000000007a90        0xc C:/devkitPro/libnx/lib\libnx.a(env.o)
                0x0000000000007a90                envGetExitFuncPtr
 *fill*         0x0000000000007a9c        0x4 
 .text.nxlinkSetup
                0x0000000000007aa0       0xc8 C:/devkitPro/libnx/lib\libnx.a(nxlink.o)
                0x0000000000007aa0                nxlinkSetup
 *fill*         0x0000000000007b68        0x8 
 .text.__libnx_init
                0x0000000000007b70       0x28 C:/devkitPro/libnx/lib\libnx.a(init.o)
                0x0000000000007b70                __libnx_init
 *fill*         0x0000000000007b98        0x8 
 .text.__libnx_exit
                0x0000000000007ba0       0x20 C:/devkitPro/libnx/lib\libnx.a(init.o)
                0x0000000000007ba0                __libnx_exit
 .text.__nx_dynamic
                0x0000000000007bc0       0xac C:/devkitPro/libnx/lib\libnx.a(dynamic.o)
                0x0000000000007bc0                __nx_dynamic
 *fill*         0x0000000000007c6c        0x4 
 .text._GetRegionFromInfo
                0x0000000000007c70       0x68 C:/devkitPro/libnx/lib\libnx.a(virtmem.o)
 *fill*         0x0000000000007cd8        0x8 
 .text.virtmemSetup
                0x0000000000007ce0       0xd4 C:/devkitPro/libnx/lib\libnx.a(virtmem.o)
                0x0000000000007ce0                virtmemSetup
 *fill*         0x0000000000007db4        0xc 
 .text.virtmemFree
                0x0000000000007dc0        0x4 C:/devkitPro/libnx/lib\libnx.a(virtmem.o)
                0x0000000000007dc0                virtmemFree
 *fill*         0x0000000000007dc4        0xc 
 .text.mutexLock
                0x0000000000007dd0       0x94 C:/devkitPro/libnx/lib\libnx.a(mutex.o)
                0x0000000000007dd0                mutexLock
 *fill*         0x0000000000007e64        0xc 
 .text.mutexUnlock
                0x0000000000007e70       0x24 C:/devkitPro/libnx/lib\libnx.a(mutex.o)
                0x0000000000007e70                mutexUnlock
 *fill*         0x0000000000007e94        0xc 
 .text.rmutexLock
                0x0000000000007ea0       0x4c C:/devkitPro/libnx/lib\libnx.a(mutex.o)
                0x0000000000007ea0                rmutexLock
 *fill*         0x0000000000007eec        0x4 
 .text.rmutexUnlock
                0x0000000000007ef0       0x20 C:/devkitPro/libnx/lib\libnx.a(mutex.o)
                0x0000000000007ef0                rmutexUnlock
 .text.tmemCreate
                0x0000000000007f10       0x7c C:/devkitPro/libnx/lib\libnx.a(tmem.o)
                0x0000000000007f10                tmemCreate
 *fill*         0x0000000000007f8c        0x4 
 .text.tmemUnmap
                0x0000000000007f90       0x48 C:/devkitPro/libnx/lib\libnx.a(tmem.o)
                0x0000000000007f90                tmemUnmap
 *fill*         0x0000000000007fd8        0x8 
 .text.tmemClose
                0x0000000000007fe0       0x64 C:/devkitPro/libnx/lib\libnx.a(tmem.o)
                0x0000000000007fe0                tmemClose
 *fill*         0x0000000000008044        0xc 
 .text.detectDebugger
                0x0000000000008050       0x30 C:/devkitPro/libnx/lib\libnx.a(detect.o)
                0x0000000000008050                detectDebugger
 .text.timeGetCurrentTime
                0x0000000000008080      0x128 C:/devkitPro/libnx/lib\libnx.a(time.o)
                0x0000000000008080                timeGetCurrentTime
 *fill*         0x00000000000081a8        0x8 
 .text.mutexInit
                0x00000000000081b0        0x8 C:/devkitPro/libnx/lib\libnx.a(newlib.o)
 *fill*         0x00000000000081b8        0x8 
 .text.rmutexInit
                0x00000000000081c0        0xc C:/devkitPro/libnx/lib\libnx.a(newlib.o)
 *fill*         0x00000000000081cc        0x4 
 .text.__libnx_gtod
                0x00000000000081d0       0x90 C:/devkitPro/libnx/lib\libnx.a(newlib.o)
                0x00000000000081d0                __libnx_gtod
 .text.__libnx_get_reent
                0x0000000000008260       0x34 C:/devkitPro/libnx/lib\libnx.a(newlib.o)
 *fill*         0x0000000000008294        0xc 
 .text.newlibSetup
                0x00000000000082a0       0xec C:/devkitPro/libnx/lib\libnx.a(newlib.o)
                0x00000000000082a0                newlibSetup
 *fill*         0x000000000000838c        0x4 
 .text._ZdlPv   0x0000000000008390        0x4 c:/devkitpro/devkita64/bin/../lib/gcc/aarch64-none-elf/7.3.0/../../../../aarch64-none-elf/lib/pic\libstdc++.a(del_op.o)
                0x0000000000008390                operator delete(void*)
 *fill*         0x0000000000008394        0x4 
 .text._Znwm    0x0000000000008398       0x6c c:/devkitpro/devkita64/bin/../lib/gcc/aarch64-none-elf/7.3.0/../../../../aarch64-none-elf/lib/pic\libstdc++.a(new_op.o)
                0x0000000000008398                operator new(unsigned long)
 *fill*         0x0000000000008404        0x4 
 .text._ZN12_GLOBAL__N_14pool4freeEPv.constprop.4
                0x0000000000008408       0xf8 c:/devkitpro/devkita64/bin/../lib/gcc/aarch64-none-elf/7.3.0/../../../../aarch64-none-elf/lib/pic\libstdc++.a(eh_alloc.o)
 .text._ZN12_GLOBAL__N_14pool8allocateEm.constprop.5
                0x0000000000008500       0xac c:/devkitpro/devkita64/bin/../lib/gcc/aarch64-none-elf/7.3.0/../../../../aarch64-none-elf/lib/pic\libstdc++.a(eh_alloc.o)
 *fill*         0x00000000000085ac        0x4 
 .text.__cxa_allocate_exception
                0x00000000000085b0       0x60 c:/devkitpro/devkita64/bin/../lib/gcc/aarch64-none-elf/7.3.0/../../../../aarch64-none-elf/lib/pic\libstdc++.a(eh_alloc.o)
                0x00000000000085b0                __cxa_allocate_exception
 .text.__cxa_free_exception
                0x0000000000008610       0x34 c:/devkitpro/devkita64/bin/../lib/gcc/aarch64-none-elf/7.3.0/../../../../aarch64-none-elf/lib/pic\libstdc++.a(eh_alloc.o)
                0x0000000000008610                __cxa_free_exception
 *fill*         0x0000000000008644        0x4 
 .text._ZNSt8__detail15_List_node_base7_M_hookEPS0_
                0x0000000000008648       0x18 c:/devkitpro/devkita64/bin/../lib/gcc/aarch64-none-elf/7.3.0/../../../../aarch64-none-elf/lib/pic\libstdc++.a(list.o)
                0x0000000000008648                std::__detail::_List_node_base::_M_hook(std::__detail::_List_node_base*)
 .text._ZNKSt17bad_function_call4whatEv
                0x0000000000008660        0xc c:/devkitpro/devkita64/bin/../lib/gcc/aarch64-none-elf/7.3.0/../../../../aarch64-none-elf/lib/pic\libstdc++.a(functional.o)
                0x0000000000008660                std::bad_function_call::what() const
 *fill*         0x000000000000866c        0x4 
 .text._ZNSt17bad_function_callD2Ev
                0x0000000000008670       0x14 c:/devkitpro/devkita64/bin/../lib/gcc/aarch64-none-elf/7.3.0/../../../../aarch64-none-elf/lib/pic\libstdc++.a(functional.o)
                0x0000000000008670                std::bad_function_call::~bad_function_call()
                0x0000000000008670                std::bad_function_call::~bad_function_call()
 *fill*         0x0000000000008684        0x4 
 .text._ZNSt17bad_function_callD0Ev
                0x0000000000008688       0x24 c:/devkitpro/devkita64/bin/../lib/gcc/aarch64-none-elf/7.3.0/../../../../aarch64-none-elf/lib/pic\libstdc++.a(functional.o)
                0x0000000000008688                std::bad_function_call::~bad_function_call()
 *fill*         0x00000000000086ac        0x4 
 .text._ZSt25__throw_bad_function_callv
                0x00000000000086b0       0x34 c:/devkitpro/devkita64/bin/../lib/gcc/aarch64-none-elf/7.3.0/../../../../aarch64-none-elf/lib/pic\libstdc++.a(functional.o)
                0x00000000000086b0                std::__throw_bad_function_call()
 *fill*         0x00000000000086e4        0x4 
 .text._ZSt15get_new_handlerv
                0x00000000000086e8       0x10 c:/devkitpro/devkita64/bin/../lib/gcc/aarch64-none-elf/7.3.0/../../../../aarch64-none-elf/lib/pic\libstdc++.a(new_handler.o)
                0x00000000000086e8                std::get_new_handler()
 .text._ZN10__cxxabiv111__terminateEPFvvE
                0x00000000000086f8       0x3c c:/devkitpro/devkita64/bin/../lib/gcc/aarch64-none-elf/7.3.0/../../../../aarch64-none-elf/lib/pic\libstdc++.a(eh_terminate.o)
                0x00000000000086f8                __cxxabiv1::__terminate(void (*)())
 *fill*         0x0000000000008734        0x4 
 .text._ZSt13get_terminatev
                0x0000000000008738       0x10 c:/devkitpro/devkita64/bin/../lib/gcc/aarch64-none-elf/7.3.0/../../../../aarch64-none-elf/lib/pic\libstdc++.a(eh_terminate.o)
                0x0000000000008738                std::get_terminate()
 .text._ZSt9terminatev
                0x0000000000008748       0x10 c:/devkitpro/devkita64/bin/../lib/gcc/aarch64-none-elf/7.3.0/../../../../aarch64-none-elf/lib/pic\libstdc++.a(eh_terminate.o)
                0x0000000000008748                std::terminate()
 .text._ZN10__cxxabiv112__unexpectedEPFvvE
                0x0000000000008758       0x10 c:/devkitpro/devkita64/bin/../lib/gcc/aarch64-none-elf/7.3.0/../../../../aarch64-none-elf/lib/pic\libstdc++.a(eh_terminate.o)
                0x0000000000008758                __cxxabiv1::__unexpected(void (*)())
 .text._ZSt14get_unexpectedv
                0x0000000000008768       0x10 c:/devkitpro/devkita64/bin/../lib/gcc/aarch64-none-elf/7.3.0/../../../../aarch64-none-elf/lib/pic\libstdc++.a(eh_terminate.o)
                0x0000000000008768                std::get_unexpected()
 .text._ZSt10unexpectedv
                0x0000000000008778       0x10 c:/devkitpro/devkita64/bin/../lib/gcc/aarch64-none-elf/7.3.0/../../../../aarch64-none-elf/lib/pic\libstdc++.a(eh_terminate.o)
                0x0000000000008778                std::unexpected()
 .text._ZNKSt9bad_alloc4whatEv
                0x0000000000008788        0xc c:/devkitpro/devkita64/bin/../lib/gcc/aarch64-none-elf/7.3.0/../../../../aarch64-none-elf/lib/pic\libstdc++.a(bad_alloc.o)
                0x0000000000008788                std::bad_alloc::what() const
 *fill*         0x0000000000008794        0x4 
 .text._ZNSt9bad_allocD2Ev
                0x0000000000008798       0x14 c:/devkitpro/devkita64/bin/../lib/gcc/aarch64-none-elf/7.3.0/../../../../aarch64-none-elf/lib/pic\libstdc++.a(bad_alloc.o)
                0x0000000000008798                std::bad_alloc::~bad_alloc()
                0x0000000000008798                std::bad_alloc::~bad_alloc()
 *fill*         0x00000000000087ac        0x4 
 .text._ZNSt9bad_allocD0Ev
                0x00000000000087b0       0x28 c:/devkitpro/devkita64/bin/../lib/gcc/aarch64-none-elf/7.3.0/../../../../aarch64-none-elf/lib/pic\libstdc++.a(bad_alloc.o)
                0x00000000000087b0                std::bad_alloc::~bad_alloc()
 .text._ZL23__gxx_exception_cleanup19_Unwind_Reason_CodeP17_Unwind_Exception
                0x00000000000087d8       0x64 c:/devkitpro/devkita64/bin/../lib/gcc/aarch64-none-elf/7.3.0/../../../../aarch64-none-elf/lib/pic\libstdc++.a(eh_throw.o)
 *fill*         0x000000000000883c        0x4 
 .text.__cxa_init_primary_exception
                0x0000000000008840       0x58 c:/devkitpro/devkita64/bin/../lib/gcc/aarch64-none-elf/7.3.0/../../../../aarch64-none-elf/lib/pic\libstdc++.a(eh_throw.o)
                0x0000000000008840                __cxa_init_primary_exception
 .text.__cxa_throw
                0x0000000000008898       0x60 c:/devkitpro/devkita64/bin/../lib/gcc/aarch64-none-elf/7.3.0/../../../../aarch64-none-elf/lib/pic\libstdc++.a(eh_throw.o)
                0x0000000000008898                __cxa_throw
 .text.__cxa_rethrow
                0x00000000000088f8       0x70 c:/devkitpro/devkita64/bin/../lib/gcc/aarch64-none-elf/7.3.0/../../../../aarch64-none-elf/lib/pic\libstdc++.a(eh_throw.o)
                0x00000000000088f8                __cxa_rethrow
 .text._ZNSt9exceptionD2Ev
                0x0000000000008968        0x4 c:/devkitpro/devkita64/bin/../lib/gcc/aarch64-none-elf/7.3.0/../../../../aarch64-none-elf/lib/pic\libstdc++.a(eh_exception.o)
                0x0000000000008968                std::exception::~exception()
                0x0000000000008968                std::exception::~exception()
 *fill*         0x000000000000896c        0x4 
 .text._ZNSt13bad_exceptionD2Ev
                0x0000000000008970       0x14 c:/devkitpro/devkita64/bin/../lib/gcc/aarch64-none-elf/7.3.0/../../../../aarch64-none-elf/lib/pic\libstdc++.a(eh_exception.o)
                0x0000000000008970                std::bad_exception::~bad_exception()
                0x0000000000008970                std::bad_exception::~bad_exception()
 *fill*         0x0000000000008984        0x4 
 .text._ZNKSt13bad_exception4whatEv
                0x0000000000008988        0xc c:/devkitpro/devkita64/bin/../lib/gcc/aarch64-none-elf/7.3.0/../../../../aarch64-none-elf/lib/pic\libstdc++.a(eh_exception.o)
                0x0000000000008988                std::bad_exception::what() const
 *fill*         0x0000000000008994        0x4 
 .text._ZNSt13bad_exceptionD0Ev
                0x0000000000008998       0x28 c:/devkitpro/devkita64/bin/../lib/gcc/aarch64-none-elf/7.3.0/../../../../aarch64-none-elf/lib/pic\libstdc++.a(eh_exception.o)
                0x0000000000008998                std::bad_exception::~bad_exception()
 .text._ZN10__cxxabiv120__si_class_type_infoD2Ev
                0x00000000000089c0       0x14 c:/devkitpro/devkita64/bin/../lib/gcc/aarch64-none-elf/7.3.0/../../../../aarch64-none-elf/lib/pic\libstdc++.a(si_class_type_info.o)
                0x00000000000089c0                __cxxabiv1::__si_class_type_info::~__si_class_type_info()
                0x00000000000089c0                __cxxabiv1::__si_class_type_info::~__si_class_type_info()
 *fill*         0x00000000000089d4        0x4 
 .text._ZN10__cxxabiv120__si_class_type_infoD0Ev
                0x00000000000089d8       0x28 c:/devkitpro/devkita64/bin/../lib/gcc/aarch64-none-elf/7.3.0/../../../../aarch64-none-elf/lib/pic\libstdc++.a(si_class_type_info.o)
                0x00000000000089d8                __cxxabiv1::__si_class_type_info::~__si_class_type_info()
 .text._ZNK10__cxxabiv120__si_class_type_info20__do_find_public_srcElPKvPKNS_17__class_type_infoES2_
                0x0000000000008a00       0x84 c:/devkitpro/devkita64/bin/../lib/gcc/aarch64-none-elf/7.3.0/../../../../aarch64-none-elf/lib/pic\libstdc++.a(si_class_type_info.o)
                0x0000000000008a00                __cxxabiv1::__si_class_type_info::__do_find_public_src(long, void const*, __cxxabiv1::__class_type_info const*, void const*) const
 *fill*         0x0000000000008a84        0x4 
 .text._ZNK10__cxxabiv120__si_class_type_info12__do_dyncastElNS_17__class_type_info10__sub_kindEPKS1_PKvS4_S6_RNS1_16__dyncast_resultE
                0x0000000000008a88      0x154 c:/devkitpro/devkita64/bin/../lib/gcc/aarch64-none-elf/7.3.0/../../../../aarch64-none-elf/lib/pic\libstdc++.a(si_class_type_info.o)
                0x0000000000008a88                __cxxabiv1::__si_class_type_info::__do_dyncast(long, __cxxabiv1::__class_type_info::__sub_kind, __cxxabiv1::__class_type_info const*, void const*, __cxxabiv1::__class_type_info const*, void const*, __cxxabiv1::__class_type_info::__dyncast_result&) const
 *fill*         0x0000000000008bdc        0x4 
 .text._ZNK10__cxxabiv120__si_class_type_info11__do_upcastEPKNS_17__class_type_infoEPKvRNS1_15__upcast_resultE
                0x0000000000008be0       0x6c c:/devkitpro/devkita64/bin/../lib/gcc/aarch64-none-elf/7.3.0/../../../../aarch64-none-elf/lib/pic\libstdc++.a(si_class_type_info.o)
                0x0000000000008be0                __cxxabiv1::__si_class_type_info::__do_upcast(__cxxabiv1::__class_type_info const*, void const*, __cxxabiv1::__class_type_info::__upcast_result&) const
 *fill*         0x0000000000008c4c        0x4 
 .text.__cxa_get_globals_fast
                0x0000000000008c50        0xc c:/devkitpro/devkita64/bin/../lib/gcc/aarch64-none-elf/7.3.0/../../../../aarch64-none-elf/lib/pic\libstdc++.a(eh_globals.o)
                0x0000000000008c50                __cxa_get_globals_fast
 *fill*         0x0000000000008c5c        0x4 
 .text.__cxa_get_globals
                0x0000000000008c60        0xc c:/devkitpro/devkita64/bin/../lib/gcc/aarch64-none-elf/7.3.0/../../../../aarch64-none-elf/lib/pic\libstdc++.a(eh_globals.o)
                0x0000000000008c60                __cxa_get_globals
 *fill*         0x0000000000008c6c        0x4 
 .text._ZdlPvm  0x0000000000008c70        0x4 c:/devkitpro/devkita64/bin/../lib/gcc/aarch64-none-elf/7.3.0/../../../../aarch64-none-elf/lib/pic\libstdc++.a(del_ops.o)
                0x0000000000008c70                operator delete(void*, unsigned long)
 *fill*         0x0000000000008c74        0x4 
 .text.__cxa_begin_catch
                0x0000000000008c78       0xa0 c:/devkitpro/devkita64/bin/../lib/gcc/aarch64-none-elf/7.3.0/../../../../aarch64-none-elf/lib/pic\libstdc++.a(eh_catch.o)
                0x0000000000008c78                __cxa_begin_catch
 .text.__cxa_end_catch
                0x0000000000008d18       0xa4 c:/devkitpro/devkita64/bin/../lib/gcc/aarch64-none-elf/7.3.0/../../../../aarch64-none-elf/lib/pic\libstdc++.a(eh_catch.o)
                0x0000000000008d18                __cxa_end_catch
 *fill*         0x0000000000008dbc        0x4 
 .text._ZNSt9type_infoD2Ev
                0x0000000000008dc0        0x4 c:/devkitpro/devkita64/bin/../lib/gcc/aarch64-none-elf/7.3.0/../../../../aarch64-none-elf/lib/pic\libstdc++.a(tinfo.o)
                0x0000000000008dc0                std::type_info::~type_info()
                0x0000000000008dc0                std::type_info::~type_info()
 *fill*         0x0000000000008dc4        0x4 
 .text._ZNKSt9type_info14__is_pointer_pEv
                0x0000000000008dc8        0x8 c:/devkitpro/devkita64/bin/../lib/gcc/aarch64-none-elf/7.3.0/../../../../aarch64-none-elf/lib/pic\libstdc++.a(tinfo.o)
                0x0000000000008dc8                std::type_info::__is_pointer_p() const
                0x0000000000008dc8                std::type_info::__is_function_p() const
 .text._ZL16get_adjusted_ptrPKSt9type_infoS1_PPv
                0x0000000000008dd0       0x84 c:/devkitpro/devkita64/bin/../lib/gcc/aarch64-none-elf/7.3.0/../../../../aarch64-none-elf/lib/pic\libstdc++.a(eh_personality.o)
 *fill*         0x0000000000008e54        0x4 
 .text._ZL28read_encoded_value_with_basehmPKhPm
                0x0000000000008e58      0x150 c:/devkitpro/devkita64/bin/../lib/gcc/aarch64-none-elf/7.3.0/../../../../aarch64-none-elf/lib/pic\libstdc++.a(eh_personality.o)
 .text._ZL15get_ttype_entryP16lsda_header_infom
                0x0000000000008fa8       0xd4 c:/devkitpro/devkita64/bin/../lib/gcc/aarch64-none-elf/7.3.0/../../../../aarch64-none-elf/lib/pic\libstdc++.a(eh_personality.o)
 *fill*         0x000000000000907c        0x4 
 .text._ZL20check_exception_specP16lsda_header_infoPKSt9type_infoPvl
                0x0000000000009080       0x94 c:/devkitpro/devkita64/bin/../lib/gcc/aarch64-none-elf/7.3.0/../../../../aarch64-none-elf/lib/pic\libstdc++.a(eh_personality.o)
 *fill*         0x0000000000009114        0x4 
 .text._ZL21base_of_encoded_valuehP15_Unwind_Context.part.3
                0x0000000000009118       0x64 c:/devkitpro/devkita64/bin/../lib/gcc/aarch64-none-elf/7.3.0/../../../../aarch64-none-elf/lib/pic\libstdc++.a(eh_personality.o)
 *fill*         0x000000000000917c        0x4 
 .text._ZL17parse_lsda_headerP15_Unwind_ContextPKhP16lsda_header_info
                0x0000000000009180      0x108 c:/devkitpro/devkita64/bin/../lib/gcc/aarch64-none-elf/7.3.0/../../../../aarch64-none-elf/lib/pic\libstdc++.a(eh_personality.o)
 .text.__gxx_personality_v0
                0x0000000000009288      0x5b8 c:/devkitpro/devkita64/bin/../lib/gcc/aarch64-none-elf/7.3.0/../../../../aarch64-none-elf/lib/pic\libstdc++.a(eh_personality.o)
                0x0000000000009288                __gxx_personality_v0
 .text.__cxa_call_unexpected
                0x0000000000009840       0xf0 c:/devkitpro/devkita64/bin/../lib/gcc/aarch64-none-elf/7.3.0/../../../../aarch64-none-elf/lib/pic\libstdc++.a(eh_personality.o)
                0x0000000000009840                __cxa_call_unexpected
 .text._ZNK10__cxxabiv117__class_type_info11__do_upcastEPKS0_PPv
                0x0000000000009930       0x70 c:/devkitpro/devkita64/bin/../lib/gcc/aarch64-none-elf/7.3.0/../../../../aarch64-none-elf/lib/pic\libstdc++.a(class_type_info.o)
                0x0000000000009930                __cxxabiv1::__class_type_info::__do_upcast(__cxxabiv1::__class_type_info const*, void**) const
 .text._ZNK10__cxxabiv117__class_type_info20__do_find_public_srcElPKvPKS0_S2_
                0x00000000000099a0       0x10 c:/devkitpro/devkita64/bin/../lib/gcc/aarch64-none-elf/7.3.0/../../../../aarch64-none-elf/lib/pic\libstdc++.a(class_type_info.o)
                0x00000000000099a0                __cxxabiv1::__class_type_info::__do_find_public_src(long, void const*, __cxxabiv1::__class_type_info const*, void const*) const
 .text._ZN10__cxxabiv117__class_type_infoD2Ev
                0x00000000000099b0       0x14 c:/devkitpro/devkita64/bin/../lib/gcc/aarch64-none-elf/7.3.0/../../../../aarch64-none-elf/lib/pic\libstdc++.a(class_type_info.o)
                0x00000000000099b0                __cxxabiv1::__class_type_info::~__class_type_info()
                0x00000000000099b0                __cxxabiv1::__class_type_info::~__class_type_info()
 *fill*         0x00000000000099c4        0x4 
 .text._ZN10__cxxabiv117__class_type_infoD0Ev
                0x00000000000099c8       0x28 c:/devkitpro/devkita64/bin/../lib/gcc/aarch64-none-elf/7.3.0/../../../../aarch64-none-elf/lib/pic\libstdc++.a(class_type_info.o)
                0x00000000000099c8                __cxxabiv1::__class_type_info::~__class_type_info()
 .text._ZNK10__cxxabiv117__class_type_info12__do_dyncastElNS0_10__sub_kindEPKS0_PKvS3_S5_RNS0_16__dyncast_resultE
                0x00000000000099f0       0xd8 c:/devkitpro/devkita64/bin/../lib/gcc/aarch64-none-elf/7.3.0/../../../../aarch64-none-elf/lib/pic\libstdc++.a(class_type_info.o)
                0x00000000000099f0                __cxxabiv1::__class_type_info::__do_dyncast(long, __cxxabiv1::__class_type_info::__sub_kind, __cxxabiv1::__class_type_info const*, void const*, __cxxabiv1::__class_type_info const*, void const*, __cxxabiv1::__class_type_info::__dyncast_result&) const
 .text._ZNK10__cxxabiv117__class_type_info11__do_upcastEPKS0_PKvRNS0_15__upcast_resultE
                0x0000000000009ac8       0x6c c:/devkitpro/devkita64/bin/../lib/gcc/aarch64-none-elf/7.3.0/../../../../aarch64-none-elf/lib/pic\libstdc++.a(class_type_info.o)
                0x0000000000009ac8                __cxxabiv1::__class_type_info::__do_upcast(__cxxabiv1::__class_type_info const*, void const*, __cxxabiv1::__class_type_info::__upcast_result&) const
 *fill*         0x0000000000009b34        0x4 
 .text._ZNK10__cxxabiv117__class_type_info10__do_catchEPKSt9type_infoPPvj
                0x0000000000009b38       0x98 c:/devkitpro/devkita64/bin/../lib/gcc/aarch64-none-elf/7.3.0/../../../../aarch64-none-elf/lib/pic\libstdc++.a(class_type_info.o)
                0x0000000000009b38                __cxxabiv1::__class_type_info::__do_catch(std::type_info const*, void**, unsigned int) const
 .text.__cxa_call_terminate
                0x0000000000009bd0       0x48 c:/devkitpro/devkita64/bin/../lib/gcc/aarch64-none-elf/7.3.0/../../../../aarch64-none-elf/lib/pic\libstdc++.a(eh_call.o)
                0x0000000000009bd0                __cxa_call_terminate
 .text.read_encoded_value_with_base
                0x0000000000009c18      0x150 c:/devkitpro/devkita64/bin/../lib/gcc/aarch64-none-elf/7.3.0/pic\libgcc.a(unwind-dw2.o)
 .text.base_of_encoded_value
                0x0000000000009d68       0x74 c:/devkitpro/devkita64/bin/../lib/gcc/aarch64-none-elf/7.3.0/pic\libgcc.a(unwind-dw2.o)
 *fill*         0x0000000000009ddc        0x4 
 .text.execute_cfa_program
                0x0000000000009de0      0x7ec c:/devkitpro/devkita64/bin/../lib/gcc/aarch64-none-elf/7.3.0/pic\libgcc.a(unwind-dw2.o)
 *fill*         0x000000000000a5cc        0x4 
 .text.uw_frame_state_for
                0x000000000000a5d0      0x440 c:/devkitpro/devkita64/bin/../lib/gcc/aarch64-none-elf/7.3.0/pic\libgcc.a(unwind-dw2.o)
 .text.execute_stack_op
                0x000000000000aa10      0x708 c:/devkitpro/devkita64/bin/../lib/gcc/aarch64-none-elf/7.3.0/pic\libgcc.a(unwind-dw2.o)
 .text.uw_update_context_1
                0x000000000000b118      0x300 c:/devkitpro/devkita64/bin/../lib/gcc/aarch64-none-elf/7.3.0/pic\libgcc.a(unwind-dw2.o)
 .text.uw_init_context_1
                0x000000000000b418      0x1d8 c:/devkitpro/devkita64/bin/../lib/gcc/aarch64-none-elf/7.3.0/pic\libgcc.a(unwind-dw2.o)
 .text.uw_update_context
                0x000000000000b5f0       0xa4 c:/devkitpro/devkita64/bin/../lib/gcc/aarch64-none-elf/7.3.0/pic\libgcc.a(unwind-dw2.o)
 *fill*         0x000000000000b694        0x4 
 .text._Unwind_RaiseException_Phase2
                0x000000000000b698       0xac c:/devkitpro/devkita64/bin/../lib/gcc/aarch64-none-elf/7.3.0/pic\libgcc.a(unwind-dw2.o)
 *fill*         0x000000000000b744        0x4 
 .text._Unwind_ForcedUnwind_Phase2
                0x000000000000b748       0xec c:/devkitpro/devkita64/bin/../lib/gcc/aarch64-none-elf/7.3.0/pic\libgcc.a(unwind-dw2.o)
 *fill*         0x000000000000b834        0x4 
 .text.uw_install_context_1
                0x000000000000b838      0x170 c:/devkitpro/devkita64/bin/../lib/gcc/aarch64-none-elf/7.3.0/pic\libgcc.a(unwind-dw2.o)
 .text._Unwind_SetGR
                0x000000000000b9a8       0x54 c:/devkitpro/devkita64/bin/../lib/gcc/aarch64-none-elf/7.3.0/pic\libgcc.a(unwind-dw2.o)
                0x000000000000b9a8                _Unwind_SetGR
 *fill*         0x000000000000b9fc        0x4 
 .text._Unwind_GetIPInfo
                0x000000000000ba00       0x14 c:/devkitpro/devkita64/bin/../lib/gcc/aarch64-none-elf/7.3.0/pic\libgcc.a(unwind-dw2.o)
                0x000000000000ba00                _Unwind_GetIPInfo
 *fill*         0x000000000000ba14        0x4 
 .text._Unwind_SetIP
                0x000000000000ba18        0x8 c:/devkitpro/devkita64/bin/../lib/gcc/aarch64-none-elf/7.3.0/pic\libgcc.a(unwind-dw2.o)
                0x000000000000ba18                _Unwind_SetIP
 .text._Unwind_GetLanguageSpecificData
                0x000000000000ba20        0x8 c:/devkitpro/devkita64/bin/../lib/gcc/aarch64-none-elf/7.3.0/pic\libgcc.a(unwind-dw2.o)
                0x000000000000ba20                _Unwind_GetLanguageSpecificData
 .text._Unwind_GetRegionStart
                0x000000000000ba28        0x8 c:/devkitpro/devkita64/bin/../lib/gcc/aarch64-none-elf/7.3.0/pic\libgcc.a(unwind-dw2.o)
                0x000000000000ba28                _Unwind_GetRegionStart
 .text._Unwind_GetDataRelBase
                0x000000000000ba30        0x8 c:/devkitpro/devkita64/bin/../lib/gcc/aarch64-none-elf/7.3.0/pic\libgcc.a(unwind-dw2.o)
                0x000000000000ba30                _Unwind_GetDataRelBase
 .text._Unwind_GetTextRelBase
                0x000000000000ba38        0x8 c:/devkitpro/devkita64/bin/../lib/gcc/aarch64-none-elf/7.3.0/pic\libgcc.a(unwind-dw2.o)
                0x000000000000ba38                _Unwind_GetTextRelBase
 .text._Unwind_DebugHook
                0x000000000000ba40        0x4 c:/devkitpro/devkita64/bin/../lib/gcc/aarch64-none-elf/7.3.0/pic\libgcc.a(unwind-dw2.o)
 *fill*         0x000000000000ba44        0x4 
 .text._Unwind_RaiseException
                0x000000000000ba48      0x190 c:/devkitpro/devkita64/bin/../lib/gcc/aarch64-none-elf/7.3.0/pic\libgcc.a(unwind-dw2.o)
                0x000000000000ba48                _Unwind_RaiseException
 .text._Unwind_Resume
                0x000000000000bbd8      0x108 c:/devkitpro/devkita64/bin/../lib/gcc/aarch64-none-elf/7.3.0/pic\libgcc.a(unwind-dw2.o)
                0x000000000000bbd8                _Unwind_Resume
 .text._Unwind_Resume_or_Rethrow
                0x000000000000bce0      0x108 c:/devkitpro/devkita64/bin/../lib/gcc/aarch64-none-elf/7.3.0/pic\libgcc.a(unwind-dw2.o)
                0x000000000000bce0                _Unwind_Resume_or_Rethrow
 .text._Unwind_DeleteException
                0x000000000000bde8       0x1c c:/devkitpro/devkita64/bin/../lib/gcc/aarch64-none-elf/7.3.0/pic\libgcc.a(unwind-dw2.o)
                0x000000000000bde8                _Unwind_DeleteException
 *fill*         0x000000000000be04        0x4 
 .text.fde_unencoded_compare
                0x000000000000be08       0x1c c:/devkitpro/devkita64/bin/../lib/gcc/aarch64-none-elf/7.3.0/pic\libgcc.a(unwind-dw2-fde.o)
 *fill*         0x000000000000be24        0x4 
 .text.frame_downheap
                0x000000000000be28      0x108 c:/devkitpro/devkita64/bin/../lib/gcc/aarch64-none-elf/7.3.0/pic\libgcc.a(unwind-dw2-fde.o)
 .text.frame_heapsort
                0x000000000000bf30       0xbc c:/devkitpro/devkita64/bin/../lib/gcc/aarch64-none-elf/7.3.0/pic\libgcc.a(unwind-dw2-fde.o)
 *fill*         0x000000000000bfec        0x4 
 .text.read_encoded_value_with_base
                0x000000000000bff0      0x150 c:/devkitpro/devkita64/bin/../lib/gcc/aarch64-none-elf/7.3.0/pic\libgcc.a(unwind-dw2-fde.o)
 .text.get_cie_encoding
                0x000000000000c140      0x128 c:/devkitpro/devkita64/bin/../lib/gcc/aarch64-none-elf/7.3.0/pic\libgcc.a(unwind-dw2-fde.o)
 .text.size_of_encoded_value.part.5
                0x000000000000c268       0x48 c:/devkitpro/devkita64/bin/../lib/gcc/aarch64-none-elf/7.3.0/pic\libgcc.a(unwind-dw2-fde.o)
 .text.base_from_object.isra.6.part.7
                0x000000000000c2b0       0x54 c:/devkitpro/devkita64/bin/../lib/gcc/aarch64-none-elf/7.3.0/pic\libgcc.a(unwind-dw2-fde.o)
 *fill*         0x000000000000c304        0x4 
 .text.fde_single_encoding_compare
                0x000000000000c308       0xa0 c:/devkitpro/devkita64/bin/../lib/gcc/aarch64-none-elf/7.3.0/pic\libgcc.a(unwind-dw2-fde.o)
 .text.classify_object_over_fdes
                0x000000000000c3a8      0x1a8 c:/devkitpro/devkita64/bin/../lib/gcc/aarch64-none-elf/7.3.0/pic\libgcc.a(unwind-dw2-fde.o)
 .text.add_fdes
                0x000000000000c550      0x1d4 c:/devkitpro/devkita64/bin/../lib/gcc/aarch64-none-elf/7.3.0/pic\libgcc.a(unwind-dw2-fde.o)
 *fill*         0x000000000000c724        0x4 
 .text.linear_search_fdes
                0x000000000000c728      0x224 c:/devkitpro/devkita64/bin/../lib/gcc/aarch64-none-elf/7.3.0/pic\libgcc.a(unwind-dw2-fde.o)
 *fill*         0x000000000000c94c        0x4 
 .text.fde_mixed_encoding_compare
                0x000000000000c950       0xd4 c:/devkitpro/devkita64/bin/../lib/gcc/aarch64-none-elf/7.3.0/pic\libgcc.a(unwind-dw2-fde.o)
 *fill*         0x000000000000ca24        0x4 
 .text.search_object
                0x000000000000ca28      0x6e4 c:/devkitpro/devkita64/bin/../lib/gcc/aarch64-none-elf/7.3.0/pic\libgcc.a(unwind-dw2-fde.o)
 *fill*         0x000000000000d10c        0x4 
 .text.__deregister_frame_info_bases.part.10
                0x000000000000d110       0xd8 c:/devkitpro/devkita64/bin/../lib/gcc/aarch64-none-elf/7.3.0/pic\libgcc.a(unwind-dw2-fde.o)
 .text.__register_frame_info
                0x000000000000d1e8       0x38 c:/devkitpro/devkita64/bin/../lib/gcc/aarch64-none-elf/7.3.0/pic\libgcc.a(unwind-dw2-fde.o)
                0x000000000000d1e8                __register_frame_info
 .text.__deregister_frame_info
                0x000000000000d220       0x18 c:/devkitpro/devkita64/bin/../lib/gcc/aarch64-none-elf/7.3.0/pic\libgcc.a(unwind-dw2-fde.o)
                0x000000000000d220                __deregister_frame_info
 .text._Unwind_Find_FDE
                0x000000000000d238      0x198 c:/devkitpro/devkita64/bin/../lib/gcc/aarch64-none-elf/7.3.0/pic\libgcc.a(unwind-dw2-fde.o)
                0x000000000000d238                _Unwind_Find_FDE
 .text.abort    0x000000000000d3d0       0x18 c:/devkitpro/devkita64/bin/../lib/gcc/aarch64-none-elf/7.3.0/../../../../aarch64-none-elf/lib/pic\libg.a(lib_a-abort.o)
                0x000000000000d3d0                abort
 .text.bsearch  0x000000000000d3e8       0xc8 c:/devkitpro/devkita64/bin/../lib/gcc/aarch64-none-elf/7.3.0/../../../../aarch64-none-elf/lib/pic\libg.a(lib_a-bsearch.o)
                0x000000000000d3e8                bsearch
 .text.__cxa_atexit
                0x000000000000d4b0       0x14 c:/devkitpro/devkita64/bin/../lib/gcc/aarch64-none-elf/7.3.0/../../../../aarch64-none-elf/lib/pic\libg.a(lib_a-cxa_atexit.o)
                0x000000000000d4b0                __cxa_atexit
 *fill*         0x000000000000d4c4        0x4 
 .text.__errno  0x000000000000d4c8       0x14 c:/devkitpro/devkita64/bin/../lib/gcc/aarch64-none-elf/7.3.0/../../../../aarch64-none-elf/lib/pic\libg.a(lib_a-errno.o)
                0x000000000000d4c8                __errno
 *fill*         0x000000000000d4dc        0x4 
 .text._fclose_r
                0x000000000000d4e0      0x18c c:/devkitpro/devkita64/bin/../lib/gcc/aarch64-none-elf/7.3.0/../../../../aarch64-none-elf/lib/pic\libg.a(lib_a-fclose.o)
                0x000000000000d4e0                _fclose_r
 *fill*         0x000000000000d66c        0x4 
 .text.fclose   0x000000000000d670       0x24 c:/devkitpro/devkita64/bin/../lib/gcc/aarch64-none-elf/7.3.0/../../../../aarch64-none-elf/lib/pic\libg.a(lib_a-fclose.o)
                0x000000000000d670                fclose
 *fill*         0x000000000000d694        0x4 
 .text.__sflush_r
                0x000000000000d698      0x278 c:/devkitpro/devkita64/bin/../lib/gcc/aarch64-none-elf/7.3.0/../../../../aarch64-none-elf/lib/pic\libg.a(lib_a-fflush.o)
                0x000000000000d698                __sflush_r
 .text._fflush_r
                0x000000000000d910       0xa4 c:/devkitpro/devkita64/bin/../lib/gcc/aarch64-none-elf/7.3.0/../../../../aarch64-none-elf/lib/pic\libg.a(lib_a-fflush.o)
                0x000000000000d910                _fflush_r
 *fill*         0x000000000000d9b4        0x4 
 .text.fflush   0x000000000000d9b8       0x40 c:/devkitpro/devkita64/bin/../lib/gcc/aarch64-none-elf/7.3.0/../../../../aarch64-none-elf/lib/pic\libg.a(lib_a-fflush.o)
                0x000000000000d9b8                fflush
 .text.std      0x000000000000d9f8       0x78 c:/devkitpro/devkita64/bin/../lib/gcc/aarch64-none-elf/7.3.0/../../../../aarch64-none-elf/lib/pic\libg.a(lib_a-findfp.o)
 .text._cleanup_r
                0x000000000000da70        0xc c:/devkitpro/devkita64/bin/../lib/gcc/aarch64-none-elf/7.3.0/../../../../aarch64-none-elf/lib/pic\libg.a(lib_a-findfp.o)
                0x000000000000da70                _cleanup_r
 *fill*         0x000000000000da7c        0x4 
 .text.__sfp_lock_acquire
                0x000000000000da80        0xc c:/devkitpro/devkita64/bin/../lib/gcc/aarch64-none-elf/7.3.0/../../../../aarch64-none-elf/lib/pic\libg.a(lib_a-findfp.o)
                0x000000000000da80                __sfp_lock_acquire
 *fill*         0x000000000000da8c        0x4 
 .text.__sfp_lock_release
                0x000000000000da90        0xc c:/devkitpro/devkita64/bin/../lib/gcc/aarch64-none-elf/7.3.0/../../../../aarch64-none-elf/lib/pic\libg.a(lib_a-findfp.o)
                0x000000000000da90                __sfp_lock_release
 *fill*         0x000000000000da9c        0x4 
 .text.__sinit_lock_acquire
                0x000000000000daa0        0xc c:/devkitpro/devkita64/bin/../lib/gcc/aarch64-none-elf/7.3.0/../../../../aarch64-none-elf/lib/pic\libg.a(lib_a-findfp.o)
                0x000000000000daa0                __sinit_lock_acquire
 *fill*         0x000000000000daac        0x4 
 .text.__sinit_lock_release
                0x000000000000dab0        0xc c:/devkitpro/devkita64/bin/../lib/gcc/aarch64-none-elf/7.3.0/../../../../aarch64-none-elf/lib/pic\libg.a(lib_a-findfp.o)
                0x000000000000dab0                __sinit_lock_release
 *fill*         0x000000000000dabc        0x4 
 .text.__sinit  0x000000000000dac0       0x80 c:/devkitpro/devkita64/bin/../lib/gcc/aarch64-none-elf/7.3.0/../../../../aarch64-none-elf/lib/pic\libg.a(lib_a-findfp.o)
                0x000000000000dac0                __sinit
 .text.__libc_fini_array
                0x000000000000db40       0x44 c:/devkitpro/devkita64/bin/../lib/gcc/aarch64-none-elf/7.3.0/../../../../aarch64-none-elf/lib/pic\libg.a(lib_a-fini.o)
                0x000000000000db40                __libc_fini_array
 *fill*         0x000000000000db84        0x4 
 .text.fprintf  0x000000000000db88       0x90 c:/devkitpro/devkita64/bin/../lib/gcc/aarch64-none-elf/7.3.0/../../../../aarch64-none-elf/lib/pic\libg.a(lib_a-fprintf.o)
                0x000000000000db88                fprintf
 .text._malloc_trim_r
                0x000000000000dc18      0x11c c:/devkitpro/devkita64/bin/../lib/gcc/aarch64-none-elf/7.3.0/../../../../aarch64-none-elf/lib/pic\libg.a(lib_a-freer.o)
                0x000000000000dc18                _malloc_trim_r
 *fill*         0x000000000000dd34        0x4 
 .text._free_r  0x000000000000dd38      0x314 c:/devkitpro/devkita64/bin/../lib/gcc/aarch64-none-elf/7.3.0/../../../../aarch64-none-elf/lib/pic\libg.a(lib_a-freer.o)
                0x000000000000dd38                _free_r
 *fill*         0x000000000000e04c        0x4 
 .text._fwalk_reent
                0x000000000000e050       0xcc c:/devkitpro/devkita64/bin/../lib/gcc/aarch64-none-elf/7.3.0/../../../../aarch64-none-elf/lib/pic\libg.a(lib_a-fwalk.o)
                0x000000000000e050                _fwalk_reent
 *fill*         0x000000000000e11c        0x4 
 .text.__libc_init_array
                0x000000000000e120       0x8c c:/devkitpro/devkita64/bin/../lib/gcc/aarch64-none-elf/7.3.0/../../../../aarch64-none-elf/lib/pic\libg.a(lib_a-init.o)
                0x000000000000e120                __libc_init_array
 *fill*         0x000000000000e1ac        0x4 
 .text.__locale_mb_cur_max
                0x000000000000e1b0       0x2c c:/devkitpro/devkita64/bin/../lib/gcc/aarch64-none-elf/7.3.0/../../../../aarch64-none-elf/lib/pic\libg.a(lib_a-locale.o)
                0x000000000000e1b0                __locale_mb_cur_max
 *fill*         0x000000000000e1dc        0x4 
 .text.__locale_ctype_ptr_l
                0x000000000000e1e0        0x8 c:/devkitpro/devkita64/bin/../lib/gcc/aarch64-none-elf/7.3.0/../../../../aarch64-none-elf/lib/pic\libg.a(lib_a-locale.o)
                0x000000000000e1e0                __locale_ctype_ptr_l
 .text.__locale_ctype_ptr
                0x000000000000e1e8       0x2c c:/devkitpro/devkita64/bin/../lib/gcc/aarch64-none-elf/7.3.0/../../../../aarch64-none-elf/lib/pic\libg.a(lib_a-locale.o)
                0x000000000000e1e8                __locale_ctype_ptr
 *fill*         0x000000000000e214        0x4 
 .text.memalign
                0x000000000000e218       0x2c c:/devkitpro/devkita64/bin/../lib/gcc/aarch64-none-elf/7.3.0/../../../../aarch64-none-elf/lib/pic\libg.a(lib_a-malign.o)
                0x000000000000e218                memalign
 *fill*         0x000000000000e244        0x4 
 .text._memalign_r
                0x000000000000e248      0x1ac c:/devkitpro/devkita64/bin/../lib/gcc/aarch64-none-elf/7.3.0/../../../../aarch64-none-elf/lib/pic\libg.a(lib_a-malignr.o)
                0x000000000000e248                _memalign_r
 *fill*         0x000000000000e3f4        0x4 
 .text.malloc   0x000000000000e3f8       0x24 c:/devkitpro/devkita64/bin/../lib/gcc/aarch64-none-elf/7.3.0/../../../../aarch64-none-elf/lib/pic\libg.a(lib_a-malloc.o)
                0x000000000000e3f8                malloc
 *fill*         0x000000000000e41c        0x4 
 .text.free     0x000000000000e420       0x24 c:/devkitpro/devkita64/bin/../lib/gcc/aarch64-none-elf/7.3.0/../../../../aarch64-none-elf/lib/pic\libg.a(lib_a-malloc.o)
                0x000000000000e420                free
 *fill*         0x000000000000e444        0x4 
 .text._malloc_r
                0x000000000000e448      0x8b4 c:/devkitpro/devkita64/bin/../lib/gcc/aarch64-none-elf/7.3.0/../../../../aarch64-none-elf/lib/pic\libg.a(lib_a-mallocr.o)
                0x000000000000e448                _malloc_r
 *fill*         0x000000000000ecfc        0x4 
 .text.__utf8_mbtowc
                0x000000000000ed00      0x2d8 c:/devkitpro/devkita64/bin/../lib/gcc/aarch64-none-elf/7.3.0/../../../../aarch64-none-elf/lib/pic\libg.a(lib_a-mbtowc_r.o)
                0x000000000000ed00                __utf8_mbtowc
 *fill*         0x000000000000efd8       0x28 
 .text          0x000000000000f000      0x16c c:/devkitpro/devkita64/bin/../lib/gcc/aarch64-none-elf/7.3.0/../../../../aarch64-none-elf/lib/pic\libg.a(lib_a-memcpy.o)
                0x000000000000f000                memcpy
 *fill*         0x000000000000f16c       0x14 
 .text          0x000000000000f180      0x1d8 c:/devkitpro/devkita64/bin/../lib/gcc/aarch64-none-elf/7.3.0/../../../../aarch64-none-elf/lib/pic\libg.a(lib_a-memset.o)
                0x000000000000f180                memset
 .text.__malloc_lock
                0x000000000000f358        0xc c:/devkitpro/devkita64/bin/../lib/gcc/aarch64-none-elf/7.3.0/../../../../aarch64-none-elf/lib/pic\libg.a(lib_a-mlock.o)
                0x000000000000f358                __malloc_lock
 *fill*         0x000000000000f364        0x4 
 .text.__malloc_unlock
                0x000000000000f368        0xc c:/devkitpro/devkita64/bin/../lib/gcc/aarch64-none-elf/7.3.0/../../../../aarch64-none-elf/lib/pic\libg.a(lib_a-mlock.o)
                0x000000000000f368                __malloc_unlock
 *fill*         0x000000000000f374        0x4 
 .text._raise_r
                0x000000000000f378       0xd0 c:/devkitpro/devkita64/bin/../lib/gcc/aarch64-none-elf/7.3.0/../../../../aarch64-none-elf/lib/pic\libg.a(lib_a-signal.o)
                0x000000000000f378                _raise_r
 .text.raise    0x000000000000f448       0x24 c:/devkitpro/devkita64/bin/../lib/gcc/aarch64-none-elf/7.3.0/../../../../aarch64-none-elf/lib/pic\libg.a(lib_a-signal.o)
                0x000000000000f448                raise
 *fill*         0x000000000000f46c        0x4 
 .text.snprintf
                0x000000000000f470      0x158 c:/devkitpro/devkita64/bin/../lib/gcc/aarch64-none-elf/7.3.0/../../../../aarch64-none-elf/lib/pic\libg.a(lib_a-snprintf.o)
                0x000000000000f470                snprintf
 .text.__sread  0x000000000000f5c8       0x50 c:/devkitpro/devkita64/bin/../lib/gcc/aarch64-none-elf/7.3.0/../../../../aarch64-none-elf/lib/pic\libg.a(lib_a-stdio.o)
                0x000000000000f5c8                __sread
 .text.__swrite
                0x000000000000f618       0x68 c:/devkitpro/devkita64/bin/../lib/gcc/aarch64-none-elf/7.3.0/../../../../aarch64-none-elf/lib/pic\libg.a(lib_a-stdio.o)
                0x000000000000f618                __swrite
 .text.__sseek  0x000000000000f680       0x54 c:/devkitpro/devkita64/bin/../lib/gcc/aarch64-none-elf/7.3.0/../../../../aarch64-none-elf/lib/pic\libg.a(lib_a-stdio.o)
                0x000000000000f680                __sseek
 *fill*         0x000000000000f6d4        0x4 
 .text.__sclose
                0x000000000000f6d8        0x8 c:/devkitpro/devkita64/bin/../lib/gcc/aarch64-none-elf/7.3.0/../../../../aarch64-none-elf/lib/pic\libg.a(lib_a-stdio.o)
                0x000000000000f6d8                __sclose
 .text          0x000000000000f6e0       0xdc c:/devkitpro/devkita64/bin/../lib/gcc/aarch64-none-elf/7.3.0/../../../../aarch64-none-elf/lib/pic\libg.a(lib_a-strchr.o)
                0x000000000000f6e0                strchr
 *fill*         0x000000000000f7bc        0x4 
 .text          0x000000000000f7c0       0xa4 c:/devkitpro/devkita64/bin/../lib/gcc/aarch64-none-elf/7.3.0/../../../../aarch64-none-elf/lib/pic\libg.a(lib_a-strcmp.o)
                0x000000000000f7c0                strcmp
 *fill*         0x000000000000f864       0x1c 
 .text          0x000000000000f880      0x140 c:/devkitpro/devkita64/bin/../lib/gcc/aarch64-none-elf/7.3.0/../../../../aarch64-none-elf/lib/pic\libg.a(lib_a-strlen.o)
                0x000000000000f880                strlen
 .text.strncat  0x000000000000f9c0       0x88 c:/devkitpro/devkita64/bin/../lib/gcc/aarch64-none-elf/7.3.0/../../../../aarch64-none-elf/lib/pic\libg.a(lib_a-strncat.o)
                0x000000000000f9c0                strncat
 *fill*         0x000000000000fa48       0x38 
 .text          0x000000000000fa80      0x124 c:/devkitpro/devkita64/bin/../lib/gcc/aarch64-none-elf/7.3.0/../../../../aarch64-none-elf/lib/pic\libg.a(lib_a-strncmp.o)
                0x000000000000fa9c                strncmp
 *fill*         0x000000000000fba4        0x4 
 .text.strncpy  0x000000000000fba8       0xb4 c:/devkitpro/devkita64/bin/../lib/gcc/aarch64-none-elf/7.3.0/../../../../aarch64-none-elf/lib/pic\libg.a(lib_a-strncpy.o)
                0x000000000000fba8                strncpy
 *fill*         0x000000000000fc5c       0x24 
 .text          0x000000000000fc80       0xe0 c:/devkitpro/devkita64/bin/../lib/gcc/aarch64-none-elf/7.3.0/../../../../aarch64-none-elf/lib/pic\libg.a(lib_a-strnlen.o)
                0x000000000000fca4                strnlen
 .text._strtoul_l.isra.0
                0x000000000000fd60      0x1e0 c:/devkitpro/devkita64/bin/../lib/gcc/aarch64-none-elf/7.3.0/../../../../aarch64-none-elf/lib/pic\libg.a(lib_a-strtoul.o)
 .text.strtoul  0x000000000000ff40       0x5c c:/devkitpro/devkita64/bin/../lib/gcc/aarch64-none-elf/7.3.0/../../../../aarch64-none-elf/lib/pic\libg.a(lib_a-strtoul.o)
                0x000000000000ff40                strtoul
 .text.get_arg  0x000000000000ff9c      0x778 c:/devkitpro/devkita64/bin/../lib/gcc/aarch64-none-elf/7.3.0/../../../../aarch64-none-elf/lib/pic\libg.a(lib_a-svfprintf.o)
 .text._svfprintf_r
                0x0000000000010714     0x3afc c:/devkitpro/devkita64/bin/../lib/gcc/aarch64-none-elf/7.3.0/../../../../aarch64-none-elf/lib/pic\libg.a(lib_a-svfprintf.o)
                0x0000000000010714                _svfprintf_r
 .text.get_arg  0x0000000000014210      0x778 c:/devkitpro/devkita64/bin/../lib/gcc/aarch64-none-elf/7.3.0/../../../../aarch64-none-elf/lib/pic\libg.a(lib_a-vfprintf.o)
 .text._vfprintf_r
                0x0000000000014988     0x3bc0 c:/devkitpro/devkita64/bin/../lib/gcc/aarch64-none-elf/7.3.0/../../../../aarch64-none-elf/lib/pic\libg.a(lib_a-vfprintf.o)
                0x0000000000014988                _vfprintf_r
 .text.__sbprintf
                0x0000000000018548       0xf4 c:/devkitpro/devkita64/bin/../lib/gcc/aarch64-none-elf/7.3.0/../../../../aarch64-none-elf/lib/pic\libg.a(lib_a-vfprintf.o)
 *fill*         0x000000000001863c        0x4 
 .text._wcrtomb_r
                0x0000000000018640       0xdc c:/devkitpro/devkita64/bin/../lib/gcc/aarch64-none-elf/7.3.0/../../../../aarch64-none-elf/lib/pic\libg.a(lib_a-wcrtomb.o)
                0x0000000000018640                _wcrtomb_r
 *fill*         0x000000000001871c        0x4 
 .text._wcsrtombs_r
                0x0000000000018720       0x10 c:/devkitpro/devkita64/bin/../lib/gcc/aarch64-none-elf/7.3.0/../../../../aarch64-none-elf/lib/pic\libg.a(lib_a-wcsrtombs.o)
                0x0000000000018720                _wcsrtombs_r
 .text.__utf8_wctomb
                0x0000000000018730       0xe8 c:/devkitpro/devkita64/bin/../lib/gcc/aarch64-none-elf/7.3.0/../../../../aarch64-none-elf/lib/pic\libg.a(lib_a-wctomb_r.o)
                0x0000000000018730                __utf8_wctomb
 .text.__swsetup_r
                0x0000000000018818      0x13c c:/devkitpro/devkita64/bin/../lib/gcc/aarch64-none-elf/7.3.0/../../../../aarch64-none-elf/lib/pic\libg.a(lib_a-wsetup.o)
                0x0000000000018818                __swsetup_r
 *fill*         0x0000000000018954        0x4 
 .text.__register_exitproc
                0x0000000000018958      0x114 c:/devkitpro/devkita64/bin/../lib/gcc/aarch64-none-elf/7.3.0/../../../../aarch64-none-elf/lib/pic\libg.a(lib_a-__atexit.o)
                0x0000000000018958                __register_exitproc
 *fill*         0x0000000000018a6c        0x4 
 .text.quorem   0x0000000000018a70      0x1b0 c:/devkitpro/devkita64/bin/../lib/gcc/aarch64-none-elf/7.3.0/../../../../aarch64-none-elf/lib/pic\libg.a(lib_a-dtoa.o)
 .text._dtoa_r  0x0000000000018c20     0x11c4 c:/devkitpro/devkita64/bin/../lib/gcc/aarch64-none-elf/7.3.0/../../../../aarch64-none-elf/lib/pic\libg.a(lib_a-dtoa.o)
                0x0000000000018c20                _dtoa_r
 *fill*         0x0000000000019de4        0x4 
 .text.__localeconv_l
                0x0000000000019de8        0x8 c:/devkitpro/devkita64/bin/../lib/gcc/aarch64-none-elf/7.3.0/../../../../aarch64-none-elf/lib/pic\libg.a(lib_a-localeconv.o)
                0x0000000000019de8                __localeconv_l
 .text._localeconv_r
                0x0000000000019df0       0x28 c:/devkitpro/devkita64/bin/../lib/gcc/aarch64-none-elf/7.3.0/../../../../aarch64-none-elf/lib/pic\libg.a(lib_a-localeconv.o)
                0x0000000000019df0                _localeconv_r
 .text.__swhatbuf_r
                0x0000000000019e18       0xac c:/devkitpro/devkita64/bin/../lib/gcc/aarch64-none-elf/7.3.0/../../../../aarch64-none-elf/lib/pic\libg.a(lib_a-makebuf.o)
                0x0000000000019e18                __swhatbuf_r
 *fill*         0x0000000000019ec4        0x4 
 .text.__smakebuf_r
                0x0000000000019ec8      0x110 c:/devkitpro/devkita64/bin/../lib/gcc/aarch64-none-elf/7.3.0/../../../../aarch64-none-elf/lib/pic\libg.a(lib_a-makebuf.o)
                0x0000000000019ec8                __smakebuf_r
 .text          0x0000000000019fd8       0xd8 c:/devkitpro/devkita64/bin/../lib/gcc/aarch64-none-elf/7.3.0/../../../../aarch64-none-elf/lib/pic\libg.a(lib_a-memchr.o)
                0x0000000000019fd8                memchr
 .text._Balloc  0x000000000001a0b0       0xa4 c:/devkitpro/devkita64/bin/../lib/gcc/aarch64-none-elf/7.3.0/../../../../aarch64-none-elf/lib/pic\libg.a(lib_a-mprec.o)
                0x000000000001a0b0                _Balloc
 *fill*         0x000000000001a154        0x4 
 .text._Bfree   0x000000000001a158       0x1c c:/devkitpro/devkita64/bin/../lib/gcc/aarch64-none-elf/7.3.0/../../../../aarch64-none-elf/lib/pic\libg.a(lib_a-mprec.o)
                0x000000000001a158                _Bfree
 *fill*         0x000000000001a174        0x4 
 .text.__multadd
                0x000000000001a178       0xe0 c:/devkitpro/devkita64/bin/../lib/gcc/aarch64-none-elf/7.3.0/../../../../aarch64-none-elf/lib/pic\libg.a(lib_a-mprec.o)
                0x000000000001a178                __multadd
 .text.__hi0bits
                0x000000000001a258       0x5c c:/devkitpro/devkita64/bin/../lib/gcc/aarch64-none-elf/7.3.0/../../../../aarch64-none-elf/lib/pic\libg.a(lib_a-mprec.o)
                0x000000000001a258                __hi0bits
 *fill*         0x000000000001a2b4        0x4 
 .text.__lo0bits
                0x000000000001a2b8       0xa8 c:/devkitpro/devkita64/bin/../lib/gcc/aarch64-none-elf/7.3.0/../../../../aarch64-none-elf/lib/pic\libg.a(lib_a-mprec.o)
                0x000000000001a2b8                __lo0bits
 .text.__i2b    0x000000000001a360       0x2c c:/devkitpro/devkita64/bin/../lib/gcc/aarch64-none-elf/7.3.0/../../../../aarch64-none-elf/lib/pic\libg.a(lib_a-mprec.o)
                0x000000000001a360                __i2b
 *fill*         0x000000000001a38c        0x4 
 .text.__multiply
                0x000000000001a390      0x1d8 c:/devkitpro/devkita64/bin/../lib/gcc/aarch64-none-elf/7.3.0/../../../../aarch64-none-elf/lib/pic\libg.a(lib_a-mprec.o)
                0x000000000001a390                __multiply
 .text.__pow5mult
                0x000000000001a568      0x108 c:/devkitpro/devkita64/bin/../lib/gcc/aarch64-none-elf/7.3.0/../../../../aarch64-none-elf/lib/pic\libg.a(lib_a-mprec.o)
                0x000000000001a568                __pow5mult
 .text.__lshift
                0x000000000001a670      0x144 c:/devkitpro/devkita64/bin/../lib/gcc/aarch64-none-elf/7.3.0/../../../../aarch64-none-elf/lib/pic\libg.a(lib_a-mprec.o)
                0x000000000001a670                __lshift
 *fill*         0x000000000001a7b4        0x4 
 .text.__mcmp   0x000000000001a7b8       0x54 c:/devkitpro/devkita64/bin/../lib/gcc/aarch64-none-elf/7.3.0/../../../../aarch64-none-elf/lib/pic\libg.a(lib_a-mprec.o)
                0x000000000001a7b8                __mcmp
 *fill*         0x000000000001a80c        0x4 
 .text.__mdiff  0x000000000001a810      0x164 c:/devkitpro/devkita64/bin/../lib/gcc/aarch64-none-elf/7.3.0/../../../../aarch64-none-elf/lib/pic\libg.a(lib_a-mprec.o)
                0x000000000001a810                __mdiff
 *fill*         0x000000000001a974        0x4 
 .text.__d2b    0x000000000001a978      0x12c c:/devkitpro/devkita64/bin/../lib/gcc/aarch64-none-elf/7.3.0/../../../../aarch64-none-elf/lib/pic\libg.a(lib_a-mprec.o)
                0x000000000001a978                __d2b
 *fill*         0x000000000001aaa4        0x4 
 .text.frexp    0x000000000001aaa8       0x94 c:/devkitpro/devkita64/bin/../lib/gcc/aarch64-none-elf/7.3.0/../../../../aarch64-none-elf/lib/pic\libg.a(lib_a-s_frexp.o)
                0x000000000001aaa8                frexp
 .text.__ssprint_r
                0x000000000001ab3c      0x1c0 c:/devkitpro/devkita64/bin/../lib/gcc/aarch64-none-elf/7.3.0/../../../../aarch64-none-elf/lib/pic\libg.a(lib_a-svfiprintf.o)
                0x000000000001ab3c                __ssprint_r
 .text.__sprint_r
                0x000000000001acfc       0x3c c:/devkitpro/devkita64/bin/../lib/gcc/aarch64-none-elf/7.3.0/../../../../aarch64-none-elf/lib/pic\libg.a(lib_a-vfiprintf.o)
                0x000000000001acfc                __sprint_r
 .text._wcsnrtombs_l
                0x000000000001ad38      0x1d4 c:/devkitpro/devkita64/bin/../lib/gcc/aarch64-none-elf/7.3.0/../../../../aarch64-none-elf/lib/pic\libg.a(lib_a-wcsnrtombs.o)
                0x000000000001ad38                _wcsnrtombs_l
 *fill*         0x000000000001af0c        0x4 
 .text._wcsnrtombs_r
                0x000000000001af10       0x74 c:/devkitpro/devkita64/bin/../lib/gcc/aarch64-none-elf/7.3.0/../../../../aarch64-none-elf/lib/pic\libg.a(lib_a-wcsnrtombs.o)
                0x000000000001af10                _wcsnrtombs_r
 *fill*         0x000000000001af84        0x4 
 .text._calloc_r
                0x000000000001af88       0x90 c:/devkitpro/devkita64/bin/../lib/gcc/aarch64-none-elf/7.3.0/../../../../aarch64-none-elf/lib/pic\libg.a(lib_a-callocr.o)
                0x000000000001af88                _calloc_r
 .text.__sfvwrite_r
                0x000000000001b018      0x4f4 c:/devkitpro/devkita64/bin/../lib/gcc/aarch64-none-elf/7.3.0/../../../../aarch64-none-elf/lib/pic\libg.a(lib_a-fvwrite.o)
                0x000000000001b018                __sfvwrite_r
 *fill*         0x000000000001b50c       0x34 
 .text          0x000000000001b540       0xac c:/devkitpro/devkita64/bin/../lib/gcc/aarch64-none-elf/7.3.0/../../../../aarch64-none-elf/lib/pic\libg.a(lib_a-memmove.o)
                0x000000000001b540                memmove
 *fill*         0x000000000001b5ec        0x4 
 .text._realloc_r
                0x000000000001b5f0      0x55c c:/devkitpro/devkita64/bin/../lib/gcc/aarch64-none-elf/7.3.0/../../../../aarch64-none-elf/lib/pic\libg.a(lib_a-reallocr.o)
                0x000000000001b5f0                _realloc_r
 *fill*         0x000000000001bb4c        0x4 
 .text.null_write
                0x000000000001bb50        0x8 c:/devkitpro/devkita64/bin/../lib/gcc/aarch64-none-elf/7.3.0/../../../../aarch64-none-elf/lib/pic\libsysbase.a(iosupport.o)
 .text.setDefaultDevice
                0x000000000001bb58       0x18 c:/devkitpro/devkita64/bin/../lib/gcc/aarch64-none-elf/7.3.0/../../../../aarch64-none-elf/lib/pic\libsysbase.a(iosupport.o)
                0x000000000001bb58                setDefaultDevice
 .text.FindDevice
                0x000000000001bb70      0x114 c:/devkitpro/devkita64/bin/../lib/gcc/aarch64-none-elf/7.3.0/../../../../aarch64-none-elf/lib/pic\libsysbase.a(iosupport.o)
                0x000000000001bb70                FindDevice
 *fill*         0x000000000001bc84        0x4 
 .text.RemoveDevice